Archive member included to satisfy reference by file (symbol)

/usr/lib/gcc/avr/5.4.0/avr6/libgcc.a(_divmodsi4.o)
                              ./UART.o (__divmodsi4)
/usr/lib/gcc/avr/5.4.0/avr6/libgcc.a(_negsi2.o)
                              /usr/lib/gcc/avr/5.4.0/avr6/libgcc.a(_divmodsi4.o) (__negsi2)
/usr/lib/gcc/avr/5.4.0/avr6/libgcc.a(_exit.o)
                              /usr/lib/gcc/avr/5.4.0/../../../avr/lib/avr6/crtatmega2560.o (exit)
/usr/lib/gcc/avr/5.4.0/avr6/libgcc.a(_clear_bss.o)
                              ./Ext_Int.o (__do_clear_bss)
/usr/lib/gcc/avr/5.4.0/avr6/libgcc.a(_ctors.o)
                              ./main.o (__do_global_ctors)
/usr/lib/gcc/avr/5.4.0/avr6/libgcc.a(_dtors.o)
                              ./main.o (__do_global_dtors)
/usr/lib/gcc/avr/5.4.0/avr6/libgcc.a(_udivmodsi4.o)
                              /usr/lib/gcc/avr/5.4.0/avr6/libgcc.a(_divmodsi4.o) (__udivmodsi4)
/usr/lib/gcc/avr/5.4.0/avr6/libgcc.a(_tablejump2.o)
                              /usr/lib/gcc/avr/5.4.0/avr6/libgcc.a(_ctors.o) (__tablejump2__)

Discarded input sections

 .data          0x0000000000000000        0x0 /usr/lib/gcc/avr/5.4.0/../../../avr/lib/avr6/crtatmega2560.o
 .bss           0x0000000000000000        0x0 /usr/lib/gcc/avr/5.4.0/../../../avr/lib/avr6/crtatmega2560.o
 .group         0x0000000000000000        0x8 ./Ext_Int.o
 .group         0x0000000000000000        0x8 ./Ext_Int.o
 .group         0x0000000000000000        0x8 ./Ext_Int.o
 .text          0x0000000000000000        0x0 ./Ext_Int.o
 .data          0x0000000000000000        0x0 ./Ext_Int.o
 .bss           0x0000000000000000        0x0 ./Ext_Int.o
 .group         0x0000000000000000        0x8 ./UART.o
 .group         0x0000000000000000        0x8 ./UART.o
 .group         0x0000000000000000        0x8 ./UART.o
 .group         0x0000000000000000        0x8 ./UART.o
 .text          0x0000000000000000        0x0 ./UART.o
 .data          0x0000000000000000        0x0 ./UART.o
 .bss           0x0000000000000000        0x0 ./UART.o
 .text._ZN4UART4putsEPKc
                0x0000000000000000       0x6a ./UART.o
 .text          0x0000000000000000        0x0 ./main.o
 .data          0x0000000000000000        0x0 ./main.o
 .bss           0x0000000000000000        0x0 ./main.o
 .text          0x0000000000000000        0x0 /usr/lib/gcc/avr/5.4.0/avr6/libgcc.a(_divmodsi4.o)
 .data          0x0000000000000000        0x0 /usr/lib/gcc/avr/5.4.0/avr6/libgcc.a(_divmodsi4.o)
 .bss           0x0000000000000000        0x0 /usr/lib/gcc/avr/5.4.0/avr6/libgcc.a(_divmodsi4.o)
 .text.libgcc.mul
                0x0000000000000000        0x0 /usr/lib/gcc/avr/5.4.0/avr6/libgcc.a(_divmodsi4.o)
 .text.libgcc   0x0000000000000000        0x0 /usr/lib/gcc/avr/5.4.0/avr6/libgcc.a(_divmodsi4.o)
 .text.libgcc.prologue
                0x0000000000000000        0x0 /usr/lib/gcc/avr/5.4.0/avr6/libgcc.a(_divmodsi4.o)
 .text.libgcc.builtins
                0x0000000000000000        0x0 /usr/lib/gcc/avr/5.4.0/avr6/libgcc.a(_divmodsi4.o)
 .text.libgcc.fmul
                0x0000000000000000        0x0 /usr/lib/gcc/avr/5.4.0/avr6/libgcc.a(_divmodsi4.o)
 .text.libgcc.fixed
                0x0000000000000000        0x0 /usr/lib/gcc/avr/5.4.0/avr6/libgcc.a(_divmodsi4.o)
 .text          0x0000000000000000        0x0 /usr/lib/gcc/avr/5.4.0/avr6/libgcc.a(_negsi2.o)
 .data          0x0000000000000000        0x0 /usr/lib/gcc/avr/5.4.0/avr6/libgcc.a(_negsi2.o)
 .bss           0x0000000000000000        0x0 /usr/lib/gcc/avr/5.4.0/avr6/libgcc.a(_negsi2.o)
 .text.libgcc.mul
                0x0000000000000000        0x0 /usr/lib/gcc/avr/5.4.0/avr6/libgcc.a(_negsi2.o)
 .text.libgcc   0x0000000000000000        0x0 /usr/lib/gcc/avr/5.4.0/avr6/libgcc.a(_negsi2.o)
 .text.libgcc.prologue
                0x0000000000000000        0x0 /usr/lib/gcc/avr/5.4.0/avr6/libgcc.a(_negsi2.o)
 .text.libgcc.builtins
                0x0000000000000000        0x0 /usr/lib/gcc/avr/5.4.0/avr6/libgcc.a(_negsi2.o)
 .text.libgcc.fmul
                0x0000000000000000        0x0 /usr/lib/gcc/avr/5.4.0/avr6/libgcc.a(_negsi2.o)
 .text.libgcc.fixed
                0x0000000000000000        0x0 /usr/lib/gcc/avr/5.4.0/avr6/libgcc.a(_negsi2.o)
 .text          0x0000000000000000        0x0 /usr/lib/gcc/avr/5.4.0/avr6/libgcc.a(_exit.o)
 .data          0x0000000000000000        0x0 /usr/lib/gcc/avr/5.4.0/avr6/libgcc.a(_exit.o)
 .bss           0x0000000000000000        0x0 /usr/lib/gcc/avr/5.4.0/avr6/libgcc.a(_exit.o)
 .text.libgcc.mul
                0x0000000000000000        0x0 /usr/lib/gcc/avr/5.4.0/avr6/libgcc.a(_exit.o)
 .text.libgcc.div
                0x0000000000000000        0x0 /usr/lib/gcc/avr/5.4.0/avr6/libgcc.a(_exit.o)
 .text.libgcc   0x0000000000000000        0x0 /usr/lib/gcc/avr/5.4.0/avr6/libgcc.a(_exit.o)
 .text.libgcc.prologue
                0x0000000000000000        0x0 /usr/lib/gcc/avr/5.4.0/avr6/libgcc.a(_exit.o)
 .text.libgcc.builtins
                0x0000000000000000        0x0 /usr/lib/gcc/avr/5.4.0/avr6/libgcc.a(_exit.o)
 .text.libgcc.fmul
                0x0000000000000000        0x0 /usr/lib/gcc/avr/5.4.0/avr6/libgcc.a(_exit.o)
 .text.libgcc.fixed
                0x0000000000000000        0x0 /usr/lib/gcc/avr/5.4.0/avr6/libgcc.a(_exit.o)
 .text          0x0000000000000000        0x0 /usr/lib/gcc/avr/5.4.0/avr6/libgcc.a(_clear_bss.o)
 .data          0x0000000000000000        0x0 /usr/lib/gcc/avr/5.4.0/avr6/libgcc.a(_clear_bss.o)
 .bss           0x0000000000000000        0x0 /usr/lib/gcc/avr/5.4.0/avr6/libgcc.a(_clear_bss.o)
 .text.libgcc.mul
                0x0000000000000000        0x0 /usr/lib/gcc/avr/5.4.0/avr6/libgcc.a(_clear_bss.o)
 .text.libgcc.div
                0x0000000000000000        0x0 /usr/lib/gcc/avr/5.4.0/avr6/libgcc.a(_clear_bss.o)
 .text.libgcc   0x0000000000000000        0x0 /usr/lib/gcc/avr/5.4.0/avr6/libgcc.a(_clear_bss.o)
 .text.libgcc.prologue
                0x0000000000000000        0x0 /usr/lib/gcc/avr/5.4.0/avr6/libgcc.a(_clear_bss.o)
 .text.libgcc.builtins
                0x0000000000000000        0x0 /usr/lib/gcc/avr/5.4.0/avr6/libgcc.a(_clear_bss.o)
 .text.libgcc.fmul
                0x0000000000000000        0x0 /usr/lib/gcc/avr/5.4.0/avr6/libgcc.a(_clear_bss.o)
 .text.libgcc.fixed
                0x0000000000000000        0x0 /usr/lib/gcc/avr/5.4.0/avr6/libgcc.a(_clear_bss.o)
 .text          0x0000000000000000        0x0 /usr/lib/gcc/avr/5.4.0/avr6/libgcc.a(_ctors.o)
 .data          0x0000000000000000        0x0 /usr/lib/gcc/avr/5.4.0/avr6/libgcc.a(_ctors.o)
 .bss           0x0000000000000000        0x0 /usr/lib/gcc/avr/5.4.0/avr6/libgcc.a(_ctors.o)
 .text.libgcc.mul
                0x0000000000000000        0x0 /usr/lib/gcc/avr/5.4.0/avr6/libgcc.a(_ctors.o)
 .text.libgcc.div
                0x0000000000000000        0x0 /usr/lib/gcc/avr/5.4.0/avr6/libgcc.a(_ctors.o)
 .text.libgcc   0x0000000000000000        0x0 /usr/lib/gcc/avr/5.4.0/avr6/libgcc.a(_ctors.o)
 .text.libgcc.prologue
                0x0000000000000000        0x0 /usr/lib/gcc/avr/5.4.0/avr6/libgcc.a(_ctors.o)
 .text.libgcc.builtins
                0x0000000000000000        0x0 /usr/lib/gcc/avr/5.4.0/avr6/libgcc.a(_ctors.o)
 .text.libgcc.fmul
                0x0000000000000000        0x0 /usr/lib/gcc/avr/5.4.0/avr6/libgcc.a(_ctors.o)
 .text.libgcc.fixed
                0x0000000000000000        0x0 /usr/lib/gcc/avr/5.4.0/avr6/libgcc.a(_ctors.o)
 .text          0x0000000000000000        0x0 /usr/lib/gcc/avr/5.4.0/avr6/libgcc.a(_dtors.o)
 .data          0x0000000000000000        0x0 /usr/lib/gcc/avr/5.4.0/avr6/libgcc.a(_dtors.o)
 .bss           0x0000000000000000        0x0 /usr/lib/gcc/avr/5.4.0/avr6/libgcc.a(_dtors.o)
 .text.libgcc.mul
                0x0000000000000000        0x0 /usr/lib/gcc/avr/5.4.0/avr6/libgcc.a(_dtors.o)
 .text.libgcc.div
                0x0000000000000000        0x0 /usr/lib/gcc/avr/5.4.0/avr6/libgcc.a(_dtors.o)
 .text.libgcc   0x0000000000000000        0x0 /usr/lib/gcc/avr/5.4.0/avr6/libgcc.a(_dtors.o)
 .text.libgcc.prologue
                0x0000000000000000        0x0 /usr/lib/gcc/avr/5.4.0/avr6/libgcc.a(_dtors.o)
 .text.libgcc.builtins
                0x0000000000000000        0x0 /usr/lib/gcc/avr/5.4.0/avr6/libgcc.a(_dtors.o)
 .text.libgcc.fmul
                0x0000000000000000        0x0 /usr/lib/gcc/avr/5.4.0/avr6/libgcc.a(_dtors.o)
 .text.libgcc.fixed
                0x0000000000000000        0x0 /usr/lib/gcc/avr/5.4.0/avr6/libgcc.a(_dtors.o)
 .text          0x0000000000000000        0x0 /usr/lib/gcc/avr/5.4.0/avr6/libgcc.a(_udivmodsi4.o)
 .data          0x0000000000000000        0x0 /usr/lib/gcc/avr/5.4.0/avr6/libgcc.a(_udivmodsi4.o)
 .bss           0x0000000000000000        0x0 /usr/lib/gcc/avr/5.4.0/avr6/libgcc.a(_udivmodsi4.o)
 .text.libgcc.mul
                0x0000000000000000        0x0 /usr/lib/gcc/avr/5.4.0/avr6/libgcc.a(_udivmodsi4.o)
 .text.libgcc   0x0000000000000000        0x0 /usr/lib/gcc/avr/5.4.0/avr6/libgcc.a(_udivmodsi4.o)
 .text.libgcc.prologue
                0x0000000000000000        0x0 /usr/lib/gcc/avr/5.4.0/avr6/libgcc.a(_udivmodsi4.o)
 .text.libgcc.builtins
                0x0000000000000000        0x0 /usr/lib/gcc/avr/5.4.0/avr6/libgcc.a(_udivmodsi4.o)
 .text.libgcc.fmul
                0x0000000000000000        0x0 /usr/lib/gcc/avr/5.4.0/avr6/libgcc.a(_udivmodsi4.o)
 .text.libgcc.fixed
                0x0000000000000000        0x0 /usr/lib/gcc/avr/5.4.0/avr6/libgcc.a(_udivmodsi4.o)
 .text          0x0000000000000000        0x0 /usr/lib/gcc/avr/5.4.0/avr6/libgcc.a(_tablejump2.o)
 .data          0x0000000000000000        0x0 /usr/lib/gcc/avr/5.4.0/avr6/libgcc.a(_tablejump2.o)
 .bss           0x0000000000000000        0x0 /usr/lib/gcc/avr/5.4.0/avr6/libgcc.a(_tablejump2.o)
 .text.libgcc.mul
                0x0000000000000000        0x0 /usr/lib/gcc/avr/5.4.0/avr6/libgcc.a(_tablejump2.o)
 .text.libgcc.div
                0x0000000000000000        0x0 /usr/lib/gcc/avr/5.4.0/avr6/libgcc.a(_tablejump2.o)
 .text.libgcc.prologue
                0x0000000000000000        0x0 /usr/lib/gcc/avr/5.4.0/avr6/libgcc.a(_tablejump2.o)
 .text.libgcc.builtins
                0x0000000000000000        0x0 /usr/lib/gcc/avr/5.4.0/avr6/libgcc.a(_tablejump2.o)
 .text.libgcc.fmul
                0x0000000000000000        0x0 /usr/lib/gcc/avr/5.4.0/avr6/libgcc.a(_tablejump2.o)
 .text.libgcc.fixed
                0x0000000000000000        0x0 /usr/lib/gcc/avr/5.4.0/avr6/libgcc.a(_tablejump2.o)

Memory Configuration

Name             Origin             Length             Attributes
text             0x0000000000000000 0x0000000000100000 xr
data             0x0000000000800200 0x000000000000fe00 rw !x
eeprom           0x0000000000810000 0x0000000000010000 rw !x
fuse             0x0000000000820000 0x0000000000000003 rw !x
lock             0x0000000000830000 0x0000000000000400 rw !x
signature        0x0000000000840000 0x0000000000000400 rw !x
user_signatures  0x0000000000850000 0x0000000000000400 rw !x
*default*        0x0000000000000000 0xffffffffffffffff

Linker script and memory map

Address of section .data set to 0x800200
LOAD /usr/lib/gcc/avr/5.4.0/../../../avr/lib/avr6/crtatmega2560.o
LOAD ./Ext_Int.o
LOAD ./UART.o
LOAD ./main.o
LOAD /usr/lib/gcc/avr/5.4.0/avr6/libgcc.a
LOAD /usr/lib/gcc/avr/5.4.0/../../../avr/lib/avr6/libm.a
START GROUP
LOAD /usr/lib/gcc/avr/5.4.0/avr6/libgcc.a
LOAD /usr/lib/gcc/avr/5.4.0/../../../avr/lib/avr6/libm.a
LOAD /usr/lib/gcc/avr/5.4.0/../../../avr/lib/avr6/libc.a
LOAD /usr/lib/gcc/avr/5.4.0/../../../avr/lib/avr6/libatmega2560.a
END GROUP
                0x0000000000100000                __TEXT_REGION_LENGTH__ = DEFINED (__TEXT_REGION_LENGTH__)?__TEXT_REGION_LENGTH__:0x100000
                0x000000000000fe00                __DATA_REGION_LENGTH__ = DEFINED (__DATA_REGION_LENGTH__)?__DATA_REGION_LENGTH__:0xfe00
                0x0000000000010000                __EEPROM_REGION_LENGTH__ = DEFINED (__EEPROM_REGION_LENGTH__)?__EEPROM_REGION_LENGTH__:0x10000
                [0x0000000000000003]                __FUSE_REGION_LENGTH__ = DEFINED (__FUSE_REGION_LENGTH__)?__FUSE_REGION_LENGTH__:0x400
                0x0000000000000400                __LOCK_REGION_LENGTH__ = DEFINED (__LOCK_REGION_LENGTH__)?__LOCK_REGION_LENGTH__:0x400
                0x0000000000000400                __SIGNATURE_REGION_LENGTH__ = DEFINED (__SIGNATURE_REGION_LENGTH__)?__SIGNATURE_REGION_LENGTH__:0x400
                0x0000000000000400                __USER_SIGNATURE_REGION_LENGTH__ = DEFINED (__USER_SIGNATURE_REGION_LENGTH__)?__USER_SIGNATURE_REGION_LENGTH__:0x400

.hash
 *(.hash)

.dynsym
 *(.dynsym)

.dynstr
 *(.dynstr)

.gnu.version
 *(.gnu.version)

.gnu.version_d
 *(.gnu.version_d)

.gnu.version_r
 *(.gnu.version_r)

.rel.init
 *(.rel.init)

.rela.init
 *(.rela.init)

.rel.text
 *(.rel.text)
 *(.rel.text.*)
 *(.rel.gnu.linkonce.t*)

.rela.text
 *(.rela.text)
 *(.rela.text.*)
 *(.rela.gnu.linkonce.t*)

.rel.fini
 *(.rel.fini)

.rela.fini
 *(.rela.fini)

.rel.rodata
 *(.rel.rodata)
 *(.rel.rodata.*)
 *(.rel.gnu.linkonce.r*)

.rela.rodata
 *(.rela.rodata)
 *(.rela.rodata.*)
 *(.rela.gnu.linkonce.r*)

.rel.data
 *(.rel.data)
 *(.rel.data.*)
 *(.rel.gnu.linkonce.d*)

.rela.data
 *(.rela.data)
 *(.rela.data.*)
 *(.rela.gnu.linkonce.d*)

.rel.ctors
 *(.rel.ctors)

.rela.ctors
 *(.rela.ctors)

.rel.dtors
 *(.rel.dtors)

.rela.dtors
 *(.rela.dtors)

.rel.got
 *(.rel.got)

.rela.got
 *(.rela.got)

.rel.bss
 *(.rel.bss)

.rela.bss
 *(.rela.bss)

.rel.plt
 *(.rel.plt)

.rela.plt
 *(.rela.plt)

.text           0x0000000000000000      0xc72
 *(.vectors)
 .vectors       0x0000000000000000       0xe4 /usr/lib/gcc/avr/5.4.0/../../../avr/lib/avr6/crtatmega2560.o
                0x0000000000000000                __vectors
                0x0000000000000000                __vector_default
 *(.vectors)
 *(.progmem.gcc*)
                0x00000000000000e4                . = ALIGN (0x2)
                0x00000000000000e4                __trampolines_start = .
 *(.trampolines)
 .trampolines   0x00000000000000e4        0x0 linker stubs
 *(.trampolines*)
                0x00000000000000e4                __trampolines_end = .
 *libprintf_flt.a:*(.progmem.data)
 *libc.a:*(.progmem.data)
 *(.progmem*)
                0x00000000000000e4                . = ALIGN (0x2)
 *(.jumptables)
 *(.jumptables*)
 *(.lowtext)
 *(.lowtext*)
                0x00000000000000e4                __ctors_start = .
 *(.ctors)
 .ctors         0x00000000000000e4        0x2 ./main.o
                0x00000000000000e6                __ctors_end = .
                0x00000000000000e6                __dtors_start = .
 *(.dtors)
 .dtors         0x00000000000000e6        0x2 ./main.o
                0x00000000000000e8                __dtors_end = .
 SORT(*)(.ctors)
 SORT(*)(.dtors)
 *(.init0)
 .init0         0x00000000000000e8        0x0 /usr/lib/gcc/avr/5.4.0/../../../avr/lib/avr6/crtatmega2560.o
                0x00000000000000e8                __init
 *(.init0)
 *(.init1)
 *(.init1)
 *(.init2)
 .init2         0x00000000000000e8       0x10 /usr/lib/gcc/avr/5.4.0/../../../avr/lib/avr6/crtatmega2560.o
 *(.init2)
 *(.init3)
 *(.init3)
 *(.init4)
 .init4         0x00000000000000f8       0x10 /usr/lib/gcc/avr/5.4.0/avr6/libgcc.a(_clear_bss.o)
                0x00000000000000f8                __do_clear_bss
 *(.init4)
 *(.init5)
 *(.init5)
 *(.init6)
 .init6         0x0000000000000108       0x1e /usr/lib/gcc/avr/5.4.0/avr6/libgcc.a(_ctors.o)
                0x0000000000000108                __do_global_ctors
 *(.init6)
 *(.init7)
 *(.init7)
 *(.init8)
 *(.init8)
 *(.init9)
 .init9         0x0000000000000126        0x4 /usr/lib/gcc/avr/5.4.0/../../../avr/lib/avr6/crtatmega2560.o
 *(.init9)
 *(.text)
 .text          0x000000000000012a        0x2 /usr/lib/gcc/avr/5.4.0/../../../avr/lib/avr6/crtatmega2560.o
                0x000000000000012a                __vector_38
                0x000000000000012a                __vector_22
                0x000000000000012a                __vector_28
                0x000000000000012a                __vector_32
                0x000000000000012a                __vector_34
                0x000000000000012a                __vector_24
                0x000000000000012a                __vector_12
                0x000000000000012a                __vector_55
                0x000000000000012a                __vector_46
                0x000000000000012a                __bad_interrupt
                0x000000000000012a                __vector_31
                0x000000000000012a                __vector_35
                0x000000000000012a                __vector_39
                0x000000000000012a                __vector_23
                0x000000000000012a                __vector_30
                0x000000000000012a                __vector_45
                0x000000000000012a                __vector_11
                0x000000000000012a                __vector_54
                0x000000000000012a                __vector_13
                0x000000000000012a                __vector_17
                0x000000000000012a                __vector_19
                0x000000000000012a                __vector_56
                0x000000000000012a                __vector_49
                0x000000000000012a                __vector_41
                0x000000000000012a                __vector_43
                0x000000000000012a                __vector_27
                0x000000000000012a                __vector_33
                0x000000000000012a                __vector_47
                0x000000000000012a                __vector_52
                0x000000000000012a                __vector_37
                0x000000000000012a                __vector_44
                0x000000000000012a                __vector_51
                0x000000000000012a                __vector_9
                0x000000000000012a                __vector_21
                0x000000000000012a                __vector_15
                0x000000000000012a                __vector_36
                0x000000000000012a                __vector_29
                0x000000000000012a                __vector_40
                0x000000000000012a                __vector_48
                0x000000000000012a                __vector_14
                0x000000000000012a                __vector_53
                0x000000000000012a                __vector_10
                0x000000000000012a                __vector_50
                0x000000000000012a                __vector_16
                0x000000000000012a                __vector_18
                0x000000000000012a                __vector_20
                0x000000000000012a                __vector_42
                0x000000000000012c                . = ALIGN (0x2)
 *(.text.*)
 .text._ZN7EXT_INT7Ext_Int8callbackEv
                0x000000000000012c       0x2a ./Ext_Int.o
                0x000000000000012c                _ZN7EXT_INT7Ext_Int8callbackEv
 .text.__vector_1
                0x0000000000000156       0x6c ./Ext_Int.o
                0x0000000000000156                __vector_1
 .text.__vector_2
                0x00000000000001c2       0x6c ./Ext_Int.o
                0x00000000000001c2                __vector_2
 .text.__vector_3
                0x000000000000022e       0x6c ./Ext_Int.o
                0x000000000000022e                __vector_3
 .text.__vector_4
                0x000000000000029a       0x6c ./Ext_Int.o
                0x000000000000029a                __vector_4
 .text.__vector_5
                0x0000000000000306       0x6c ./Ext_Int.o
                0x0000000000000306                __vector_5
 .text.__vector_6
                0x0000000000000372       0x6c ./Ext_Int.o
                0x0000000000000372                __vector_6
 .text.__vector_7
                0x00000000000003de       0x6c ./Ext_Int.o
                0x00000000000003de                __vector_7
 .text.__vector_8
                0x000000000000044a       0x6c ./Ext_Int.o
                0x000000000000044a                __vector_8
 .text._ZN7EXT_INT7Ext_IntC2ENS0_6Intx_tENS0_5ISC_tEPFvvE
                0x00000000000004b6      0x15e ./Ext_Int.o
                0x00000000000004b6                _ZN7EXT_INT7Ext_IntC2ENS0_6Intx_tENS0_5ISC_tEPFvvE
                0x00000000000004b6                _ZN7EXT_INT7Ext_IntC1ENS0_6Intx_tENS0_5ISC_tEPFvvE
 .text._ZN7EXT_INT7Ext_Int6enableEv
                0x0000000000000614       0x4a ./Ext_Int.o
                0x0000000000000614                _ZN7EXT_INT7Ext_Int6enableEv
 .text._ZN7EXT_INT7Ext_Int7disableEv
                0x000000000000065e       0x4c ./Ext_Int.o
                0x000000000000065e                _ZN7EXT_INT7Ext_Int7disableEv
 .text._ZN9SingletonIN7EXT_INT7Ext_IntEEC2Ev
                0x00000000000006aa       0x28 ./Ext_Int.o
                0x00000000000006aa                _ZN9SingletonIN7EXT_INT7Ext_IntEEC1Ev
                0x00000000000006aa                _ZN9SingletonIN7EXT_INT7Ext_IntEEC2Ev
 .text._ZN4UARTC2EiNS_13DoubleSpeed_tENS_10DataBits_tENS_8Parity_tENS_9StopBit_tE
                0x00000000000006d2       0xb6 ./UART.o
                0x00000000000006d2                _ZN4UARTC2EiNS_13DoubleSpeed_tENS_10DataBits_tENS_8Parity_tENS_9StopBit_tE
                0x00000000000006d2                _ZN4UARTC1EiNS_13DoubleSpeed_tENS_10DataBits_tENS_8Parity_tENS_9StopBit_tE
 .text._ZN4UARTD2Ev
                0x0000000000000788       0x22 ./UART.o
                0x0000000000000788                _ZN4UARTD1Ev
                0x0000000000000788                _ZN4UARTD2Ev
 .text._ZN4UART8has_dataEv
                0x00000000000007aa       0x20 ./UART.o
                0x00000000000007aa                _ZN4UART8has_dataEv
 .text.__vector_25
                0x00000000000007ca       0x64 ./UART.o
                0x00000000000007ca                __vector_25
 .text.__vector_26
                0x000000000000082e       0x64 ./UART.o
                0x000000000000082e                __vector_26
 .text._ZN4UART6tx_ISREv
                0x0000000000000892       0x38 ./UART.o
                0x0000000000000892                _ZN4UART6tx_ISREv
 .text._ZN4UART6rx_ISREv
                0x00000000000008ca       0x28 ./UART.o
                0x00000000000008ca                _ZN4UART6rx_ISREv
 .text._ZN4UART3putEh
                0x00000000000008f2       0x38 ./UART.o
                0x00000000000008f2                _ZN4UART3putEh
 .text._ZN4UART3getEv
                0x000000000000092a       0x26 ./UART.o
                0x000000000000092a                _ZN4UART3getEv
 .text._ZN9SingletonI4UARTEC2Ev
                0x0000000000000950       0x28 ./UART.o
                0x0000000000000950                _ZN9SingletonI4UARTEC2Ev
                0x0000000000000950                _ZN9SingletonI4UARTEC1Ev
 .text._ZN9SingletonI4UARTED2Ev
                0x0000000000000978       0x24 ./UART.o
                0x0000000000000978                _ZN9SingletonI4UARTED2Ev
                0x0000000000000978                _ZN9SingletonI4UARTED1Ev
 .text._ZN9SingletonI4UARTE4selfEv
                0x000000000000099c       0x16 ./UART.o
                0x000000000000099c                _ZN9SingletonI4UARTE4selfEv
 .text._Z12int0_handlerv
                0x00000000000009b2       0x18 ./main.o
                0x00000000000009b2                _Z12int0_handlerv
 .text._Z12int1_handlerv
                0x00000000000009ca       0x18 ./main.o
                0x00000000000009ca                _Z12int1_handlerv
 .text._Z12int2_handlerv
                0x00000000000009e2       0x18 ./main.o
                0x00000000000009e2                _Z12int2_handlerv
 .text._Z12int3_handlerv
                0x00000000000009fa       0x18 ./main.o
                0x00000000000009fa                _Z12int3_handlerv
 .text._Z12int4_handlerv
                0x0000000000000a12       0x18 ./main.o
                0x0000000000000a12                _Z12int4_handlerv
 .text._Z12int5_handlerv
                0x0000000000000a2a       0x18 ./main.o
                0x0000000000000a2a                _Z12int5_handlerv
 .text._Z12int6_handlerv
                0x0000000000000a42       0x18 ./main.o
                0x0000000000000a42                _Z12int6_handlerv
 .text._Z12int7_handlerv
                0x0000000000000a5a       0x18 ./main.o
                0x0000000000000a5a                _Z12int7_handlerv
 .text.main     0x0000000000000a72       0xbe ./main.o
                0x0000000000000a72                main
 .text._Z41__static_initialization_and_destruction_0ii
                0x0000000000000b30       0x64 ./main.o
 .text._GLOBAL__sub_I_uart
                0x0000000000000b94       0x18 ./main.o
 .text._GLOBAL__sub_D_uart
                0x0000000000000bac       0x18 ./main.o
 .text.libgcc.div
                0x0000000000000bc4       0x28 /usr/lib/gcc/avr/5.4.0/avr6/libgcc.a(_divmodsi4.o)
                0x0000000000000bc4                __divmodsi4
 .text.libgcc.div
                0x0000000000000bec       0x10 /usr/lib/gcc/avr/5.4.0/avr6/libgcc.a(_negsi2.o)
                0x0000000000000bec                __negsi2
 .text.libgcc.div
                0x0000000000000bfc       0x44 /usr/lib/gcc/avr/5.4.0/avr6/libgcc.a(_udivmodsi4.o)
                0x0000000000000bfc                __udivmodsi4
 .text.libgcc   0x0000000000000c40       0x10 /usr/lib/gcc/avr/5.4.0/avr6/libgcc.a(_tablejump2.o)
                0x0000000000000c40                __tablejump2__
                0x0000000000000c50                . = ALIGN (0x2)
 *(.fini9)
 .fini9         0x0000000000000c50        0x0 /usr/lib/gcc/avr/5.4.0/avr6/libgcc.a(_exit.o)
                0x0000000000000c50                exit
                0x0000000000000c50                _exit
 *(.fini9)
 *(.fini8)
 *(.fini8)
 *(.fini7)
 *(.fini7)
 *(.fini6)
 .fini6         0x0000000000000c50       0x1e /usr/lib/gcc/avr/5.4.0/avr6/libgcc.a(_dtors.o)
                0x0000000000000c50                __do_global_dtors
 *(.fini6)
 *(.fini5)
 *(.fini5)
 *(.fini4)
 *(.fini4)
 *(.fini3)
 *(.fini3)
 *(.fini2)
 *(.fini2)
 *(.fini1)
 *(.fini1)
 *(.fini0)
 .fini0         0x0000000000000c6e        0x4 /usr/lib/gcc/avr/5.4.0/avr6/libgcc.a(_exit.o)
 *(.fini0)
                0x0000000000000c72                _etext = .

.data           0x0000000000800200        0x0 load address 0x0000000000000c72
                [!provide]                        PROVIDE (__data_start, .)
 *(.data)
 *(.data*)
 *(.rodata)
 *(.rodata*)
 *(.gnu.linkonce.d*)
                0x0000000000800200                . = ALIGN (0x2)
                0x0000000000800200                _edata = .
                [!provide]                        PROVIDE (__data_end, .)

.bss            0x0000000000800200       0x17
                0x0000000000800200                PROVIDE (__bss_start, .)
 *(.bss)
 *(.bss*)
 .bss._ZN7EXT_INT7Ext_Int17ExtInt_SingletonsE
                0x0000000000800200       0x10 ./Ext_Int.o
                0x0000000000800200                _ZN7EXT_INT7Ext_Int17ExtInt_SingletonsE
 .bss._ZN9SingletonIN7EXT_INT7Ext_IntEE10_singletonE
                0x0000000000800210        0x2 ./Ext_Int.o
                0x0000000000800210                _ZN9SingletonIN7EXT_INT7Ext_IntEE10_singletonE
 .bss._ZN9SingletonI4UARTE10_singletonE
                0x0000000000800212        0x2 ./UART.o
                0x0000000000800212                _ZN9SingletonI4UARTE10_singletonE
 .bss.uart      0x0000000000800214        0x3 ./main.o
                0x0000000000800214                uart
 *(COMMON)
                0x0000000000800217                PROVIDE (__bss_end, .)
                0x0000000000000c72                __data_load_start = LOADADDR (.data)
                0x0000000000000c72                __data_load_end = (__data_load_start + SIZEOF (.data))

.noinit         0x0000000000800217        0x0
                [!provide]                        PROVIDE (__noinit_start, .)
 *(.noinit*)
                [!provide]                        PROVIDE (__noinit_end, .)
                0x0000000000800217                _end = .
                [!provide]                        PROVIDE (__heap_start, .)

.eeprom         0x0000000000810000        0x0
 *(.eeprom*)
                0x0000000000810000                __eeprom_end = .

.fuse
 *(.fuse)
 *(.lfuse)
 *(.hfuse)
 *(.efuse)

.lock
 *(.lock*)

.signature
 *(.signature*)

.user_signatures
 *(.user_signatures*)

.stab           0x0000000000000000     0x19bc
 *(.stab)
 .stab          0x0000000000000000      0x81c ./Ext_Int.o
 .stab          0x000000000000081c      0x858 ./UART.o
                                        0x8f4 (size before relaxing)
 .stab          0x0000000000001074      0x948 ./main.o
                                        0x954 (size before relaxing)

.stabstr        0x0000000000000000     0x1803
 *(.stabstr)
 .stabstr       0x0000000000000000     0x1803 ./Ext_Int.o

.stab.excl
 *(.stab.excl)

.stab.exclstr
 *(.stab.exclstr)

.stab.index
 *(.stab.index)

.stab.indexstr
 *(.stab.indexstr)

.comment        0x0000000000000000       0x11
 *(.comment)
 .comment       0x0000000000000000       0x11 ./Ext_Int.o
                                         0x12 (size before relaxing)
 .comment       0x0000000000000011       0x12 ./UART.o
 .comment       0x0000000000000011       0x12 ./main.o

.note.gnu.avr.deviceinfo
                0x0000000000000000       0x40
 .note.gnu.avr.deviceinfo
                0x0000000000000000       0x40 /usr/lib/gcc/avr/5.4.0/../../../avr/lib/avr6/crtatmega2560.o

.note.gnu.build-id
 *(.note.gnu.build-id)

.debug
 *(.debug)

.line
 *(.line)

.debug_srcinfo
 *(.debug_srcinfo)

.debug_sfnames
 *(.debug_sfnames)

.debug_aranges
 *(.debug_aranges)

.debug_pubnames
 *(.debug_pubnames)

.debug_info     0x0000000000000000      0xbbc
 *(.debug_info .gnu.linkonce.wi.*)
 .debug_info    0x0000000000000000      0xbbc /usr/lib/gcc/avr/5.4.0/../../../avr/lib/avr6/crtatmega2560.o

.debug_abbrev   0x0000000000000000      0xb1a
 *(.debug_abbrev)
 .debug_abbrev  0x0000000000000000      0xb1a /usr/lib/gcc/avr/5.4.0/../../../avr/lib/avr6/crtatmega2560.o

.debug_line     0x0000000000000000       0x1a
 *(.debug_line .debug_line.* .debug_line_end)
 .debug_line    0x0000000000000000       0x1a /usr/lib/gcc/avr/5.4.0/../../../avr/lib/avr6/crtatmega2560.o

.debug_frame
 *(.debug_frame)

.debug_str      0x0000000000000000      0x3e6
 *(.debug_str)
 .debug_str     0x0000000000000000      0x3e6 /usr/lib/gcc/avr/5.4.0/../../../avr/lib/avr6/crtatmega2560.o

.debug_loc
 *(.debug_loc)

.debug_macinfo
 *(.debug_macinfo)

.debug_weaknames
 *(.debug_weaknames)

.debug_funcnames
 *(.debug_funcnames)

.debug_typenames
 *(.debug_typenames)

.debug_varnames
 *(.debug_varnames)

.debug_pubtypes
 *(.debug_pubtypes)

.debug_ranges
 *(.debug_ranges)

.debug_macro
 *(.debug_macro)
OUTPUT(Ext_Int_Class.elf elf32-avr)
LOAD linker stubs

Cross Reference Table

Symbol                                            File
_Z12int0_handlerv                                 ./main.o
_Z12int1_handlerv                                 ./main.o
_Z12int2_handlerv                                 ./main.o
_Z12int3_handlerv                                 ./main.o
_Z12int4_handlerv                                 ./main.o
_Z12int5_handlerv                                 ./main.o
_Z12int6_handlerv                                 ./main.o
_Z12int7_handlerv                                 ./main.o
_ZN4UART3getEv                                    ./UART.o
                                                  ./main.o
_ZN4UART3putEh                                    ./UART.o
                                                  ./main.o
_ZN4UART4putsEPKc                                 ./UART.o
_ZN4UART6rx_ISREv                                 ./UART.o
_ZN4UART6tx_ISREv                                 ./UART.o
_ZN4UART8has_dataEv                               ./UART.o
                                                  ./main.o
_ZN4UARTC1EiNS_13DoubleSpeed_tENS_10DataBits_tENS_8Parity_tENS_9StopBit_tE ./UART.o
                                                  ./main.o
_ZN4UARTC2EiNS_13DoubleSpeed_tENS_10DataBits_tENS_8Parity_tENS_9StopBit_tE ./UART.o
_ZN4UARTD1Ev                                      ./UART.o
                                                  ./main.o
_ZN4UARTD2Ev                                      ./UART.o
_ZN7EXT_INT7Ext_Int17ExtInt_SingletonsE           ./Ext_Int.o
_ZN7EXT_INT7Ext_Int6enableEv                      ./Ext_Int.o
                                                  ./main.o
_ZN7EXT_INT7Ext_Int7disableEv                     ./Ext_Int.o
_ZN7EXT_INT7Ext_Int8callbackEv                    ./Ext_Int.o
_ZN7EXT_INT7Ext_IntC1ENS0_6Intx_tENS0_5ISC_tEPFvvE ./Ext_Int.o
                                                  ./main.o
_ZN7EXT_INT7Ext_IntC2ENS0_6Intx_tENS0_5ISC_tEPFvvE ./Ext_Int.o
_ZN9SingletonI4UARTE10_singletonE                 ./UART.o
_ZN9SingletonI4UARTE4selfEv                       ./UART.o
_ZN9SingletonI4UARTEC1Ev                          ./UART.o
_ZN9SingletonI4UARTEC2Ev                          ./UART.o
_ZN9SingletonI4UARTED1Ev                          ./UART.o
_ZN9SingletonI4UARTED2Ev                          ./UART.o
_ZN9SingletonIN7EXT_INT7Ext_IntEE10_singletonE    ./Ext_Int.o
_ZN9SingletonIN7EXT_INT7Ext_IntEEC1Ev             ./Ext_Int.o
_ZN9SingletonIN7EXT_INT7Ext_IntEEC2Ev             ./Ext_Int.o
__FUSE_REGION_LENGTH__                            /usr/lib/gcc/avr/5.4.0/../../../avr/lib/avr6/crtatmega2560.o
__bad_interrupt                                   /usr/lib/gcc/avr/5.4.0/../../../avr/lib/avr6/crtatmega2560.o
__bss_end                                         /usr/lib/gcc/avr/5.4.0/avr6/libgcc.a(_clear_bss.o)
__bss_start                                       /usr/lib/gcc/avr/5.4.0/avr6/libgcc.a(_clear_bss.o)
__ctors_end                                       /usr/lib/gcc/avr/5.4.0/avr6/libgcc.a(_ctors.o)
__ctors_start                                     /usr/lib/gcc/avr/5.4.0/avr6/libgcc.a(_ctors.o)
__divmodsi4                                       /usr/lib/gcc/avr/5.4.0/avr6/libgcc.a(_divmodsi4.o)
                                                  ./UART.o
__do_clear_bss                                    /usr/lib/gcc/avr/5.4.0/avr6/libgcc.a(_clear_bss.o)
                                                  ./main.o
                                                  ./UART.o
                                                  ./Ext_Int.o
__do_global_ctors                                 /usr/lib/gcc/avr/5.4.0/avr6/libgcc.a(_ctors.o)
                                                  ./main.o
__do_global_dtors                                 /usr/lib/gcc/avr/5.4.0/avr6/libgcc.a(_dtors.o)
                                                  ./main.o
__dtors_end                                       /usr/lib/gcc/avr/5.4.0/avr6/libgcc.a(_dtors.o)
__dtors_start                                     /usr/lib/gcc/avr/5.4.0/avr6/libgcc.a(_dtors.o)
__heap_end                                        /usr/lib/gcc/avr/5.4.0/../../../avr/lib/avr6/crtatmega2560.o
__init                                            /usr/lib/gcc/avr/5.4.0/../../../avr/lib/avr6/crtatmega2560.o
__negsi2                                          /usr/lib/gcc/avr/5.4.0/avr6/libgcc.a(_negsi2.o)
                                                  /usr/lib/gcc/avr/5.4.0/avr6/libgcc.a(_divmodsi4.o)
__stack                                           /usr/lib/gcc/avr/5.4.0/../../../avr/lib/avr6/crtatmega2560.o
__tablejump2__                                    /usr/lib/gcc/avr/5.4.0/avr6/libgcc.a(_tablejump2.o)
                                                  /usr/lib/gcc/avr/5.4.0/avr6/libgcc.a(_dtors.o)
                                                  /usr/lib/gcc/avr/5.4.0/avr6/libgcc.a(_ctors.o)
__udivmodsi4                                      /usr/lib/gcc/avr/5.4.0/avr6/libgcc.a(_udivmodsi4.o)
                                                  /usr/lib/gcc/avr/5.4.0/avr6/libgcc.a(_divmodsi4.o)
__vector_1                                        ./Ext_Int.o
                                                  /usr/lib/gcc/avr/5.4.0/../../../avr/lib/avr6/crtatmega2560.o
__vector_10                                       /usr/lib/gcc/avr/5.4.0/../../../avr/lib/avr6/crtatmega2560.o
__vector_11                                       /usr/lib/gcc/avr/5.4.0/../../../avr/lib/avr6/crtatmega2560.o
__vector_12                                       /usr/lib/gcc/avr/5.4.0/../../../avr/lib/avr6/crtatmega2560.o
__vector_13                                       /usr/lib/gcc/avr/5.4.0/../../../avr/lib/avr6/crtatmega2560.o
__vector_14                                       /usr/lib/gcc/avr/5.4.0/../../../avr/lib/avr6/crtatmega2560.o
__vector_15                                       /usr/lib/gcc/avr/5.4.0/../../../avr/lib/avr6/crtatmega2560.o
__vector_16                                       /usr/lib/gcc/avr/5.4.0/../../../avr/lib/avr6/crtatmega2560.o
__vector_17                                       /usr/lib/gcc/avr/5.4.0/../../../avr/lib/avr6/crtatmega2560.o
__vector_18                                       /usr/lib/gcc/avr/5.4.0/../../../avr/lib/avr6/crtatmega2560.o
__vector_19                                       /usr/lib/gcc/avr/5.4.0/../../../avr/lib/avr6/crtatmega2560.o
__vector_2                                        ./Ext_Int.o
                                                  /usr/lib/gcc/avr/5.4.0/../../../avr/lib/avr6/crtatmega2560.o
__vector_20                                       /usr/lib/gcc/avr/5.4.0/../../../avr/lib/avr6/crtatmega2560.o
__vector_21                                       /usr/lib/gcc/avr/5.4.0/../../../avr/lib/avr6/crtatmega2560.o
__vector_22                                       /usr/lib/gcc/avr/5.4.0/../../../avr/lib/avr6/crtatmega2560.o
__vector_23                                       /usr/lib/gcc/avr/5.4.0/../../../avr/lib/avr6/crtatmega2560.o
__vector_24                                       /usr/lib/gcc/avr/5.4.0/../../../avr/lib/avr6/crtatmega2560.o
__vector_25                                       ./UART.o
                                                  /usr/lib/gcc/avr/5.4.0/../../../avr/lib/avr6/crtatmega2560.o
__vector_26                                       ./UART.o
                                                  /usr/lib/gcc/avr/5.4.0/../../../avr/lib/avr6/crtatmega2560.o
__vector_27                                       /usr/lib/gcc/avr/5.4.0/../../../avr/lib/avr6/crtatmega2560.o
__vector_28                                       /usr/lib/gcc/avr/5.4.0/../../../avr/lib/avr6/crtatmega2560.o
__vector_29                                       /usr/lib/gcc/avr/5.4.0/../../../avr/lib/avr6/crtatmega2560.o
__vector_3                                        ./Ext_Int.o
                                                  /usr/lib/gcc/avr/5.4.0/../../../avr/lib/avr6/crtatmega2560.o
__vector_30                                       /usr/lib/gcc/avr/5.4.0/../../../avr/lib/avr6/crtatmega2560.o
__vector_31                                       /usr/lib/gcc/avr/5.4.0/../../../avr/lib/avr6/crtatmega2560.o
__vector_32                                       /usr/lib/gcc/avr/5.4.0/../../../avr/lib/avr6/crtatmega2560.o
__vector_33                                       /usr/lib/gcc/avr/5.4.0/../../../avr/lib/avr6/crtatmega2560.o
__vector_34                                       /usr/lib/gcc/avr/5.4.0/../../../avr/lib/avr6/crtatmega2560.o
__vector_35                                       /usr/lib/gcc/avr/5.4.0/../../../avr/lib/avr6/crtatmega2560.o
__vector_36                                       /usr/lib/gcc/avr/5.4.0/../../../avr/lib/avr6/crtatmega2560.o
__vector_37                                       /usr/lib/gcc/avr/5.4.0/../../../avr/lib/avr6/crtatmega2560.o
__vector_38                                       /usr/lib/gcc/avr/5.4.0/../../../avr/lib/avr6/crtatmega2560.o
__vector_39                                       /usr/lib/gcc/avr/5.4.0/../../../avr/lib/avr6/crtatmega2560.o
__vector_4                                        ./Ext_Int.o
                                                  /usr/lib/gcc/avr/5.4.0/../../../avr/lib/avr6/crtatmega2560.o
__vector_40                                       /usr/lib/gcc/avr/5.4.0/../../../avr/lib/avr6/crtatmega2560.o
__vector_41                                       /usr/lib/gcc/avr/5.4.0/../../../avr/lib/avr6/crtatmega2560.o
__vector_42                                       /usr/lib/gcc/avr/5.4.0/../../../avr/lib/avr6/crtatmega2560.o
__vector_43                                       /usr/lib/gcc/avr/5.4.0/../../../avr/lib/avr6/crtatmega2560.o
__vector_44                                       /usr/lib/gcc/avr/5.4.0/../../../avr/lib/avr6/crtatmega2560.o
__vector_45                                       /usr/lib/gcc/avr/5.4.0/../../../avr/lib/avr6/crtatmega2560.o
__vector_46                                       /usr/lib/gcc/avr/5.4.0/../../../avr/lib/avr6/crtatmega2560.o
__vector_47                                       /usr/lib/gcc/avr/5.4.0/../../../avr/lib/avr6/crtatmega2560.o
__vector_48                                       /usr/lib/gcc/avr/5.4.0/../../../avr/lib/avr6/crtatmega2560.o
__vector_49                                       /usr/lib/gcc/avr/5.4.0/../../../avr/lib/avr6/crtatmega2560.o
__vector_5                                        ./Ext_Int.o
                                                  /usr/lib/gcc/avr/5.4.0/../../../avr/lib/avr6/crtatmega2560.o
__vector_50                                       /usr/lib/gcc/avr/5.4.0/../../../avr/lib/avr6/crtatmega2560.o
__vector_51                                       /usr/lib/gcc/avr/5.4.0/../../../avr/lib/avr6/crtatmega2560.o
__vector_52                                       /usr/lib/gcc/avr/5.4.0/../../../avr/lib/avr6/crtatmega2560.o
__vector_53                                       /usr/lib/gcc/avr/5.4.0/../../../avr/lib/avr6/crtatmega2560.o
__vector_54                                       /usr/lib/gcc/avr/5.4.0/../../../avr/lib/avr6/crtatmega2560.o
__vector_55                                       /usr/lib/gcc/avr/5.4.0/../../../avr/lib/avr6/crtatmega2560.o
__vector_56                                       /usr/lib/gcc/avr/5.4.0/../../../avr/lib/avr6/crtatmega2560.o
__vector_6                                        ./Ext_Int.o
                                                  /usr/lib/gcc/avr/5.4.0/../../../avr/lib/avr6/crtatmega2560.o
__vector_7                                        ./Ext_Int.o
                                                  /usr/lib/gcc/avr/5.4.0/../../../avr/lib/avr6/crtatmega2560.o
__vector_8                                        ./Ext_Int.o
                                                  /usr/lib/gcc/avr/5.4.0/../../../avr/lib/avr6/crtatmega2560.o
__vector_9                                        /usr/lib/gcc/avr/5.4.0/../../../avr/lib/avr6/crtatmega2560.o
__vector_default                                  /usr/lib/gcc/avr/5.4.0/../../../avr/lib/avr6/crtatmega2560.o
__vectors                                         /usr/lib/gcc/avr/5.4.0/../../../avr/lib/avr6/crtatmega2560.o
_exit                                             /usr/lib/gcc/avr/5.4.0/avr6/libgcc.a(_exit.o)
exit                                              /usr/lib/gcc/avr/5.4.0/avr6/libgcc.a(_exit.o)
                                                  /usr/lib/gcc/avr/5.4.0/../../../avr/lib/avr6/crtatmega2560.o
main                                              ./main.o
                                                  /usr/lib/gcc/avr/5.4.0/../../../avr/lib/avr6/crtatmega2560.o
uart                                              ./main.o
