Archive member included to satisfy reference by file (symbol)

/usr/lib/gcc/avr/5.4.0/avr6/libgcc.a(_exit.o)
                              /usr/lib/gcc/avr/5.4.0/../../../avr/lib/avr6/crtatmega2560.o (exit)
/usr/lib/gcc/avr/5.4.0/avr6/libgcc.a(_copy_data.o)
                              ./GPIO_Port.o (__do_copy_data)
/usr/lib/gcc/avr/5.4.0/avr6/libgcc.a(_clear_bss.o)
                              ./main.o (__do_clear_bss)
/usr/lib/gcc/avr/5.4.0/avr6/libgcc.a(_ctors.o)
                              ./main.o (__do_global_ctors)
/usr/lib/gcc/avr/5.4.0/avr6/libgcc.a(_dtors.o)
                              ./main.o (__do_global_dtors)
/usr/lib/gcc/avr/5.4.0/avr6/libgcc.a(_tablejump2.o)
                              /usr/lib/gcc/avr/5.4.0/avr6/libgcc.a(_ctors.o) (__tablejump2__)
/usr/lib/gcc/avr/5.4.0/../../../avr/lib/avr6/libm.a(cmpsf2.o)
                              ./main.o (__ltsf2)
/usr/lib/gcc/avr/5.4.0/../../../avr/lib/avr6/libm.a(fixunssfsi.o)
                              ./main.o (__fixunssfsi)
/usr/lib/gcc/avr/5.4.0/../../../avr/lib/avr6/libm.a(fp_cmp.o)
                              /usr/lib/gcc/avr/5.4.0/../../../avr/lib/avr6/libm.a(cmpsf2.o) (__fp_cmp)
/usr/lib/gcc/avr/5.4.0/../../../avr/lib/avr6/libm.a(fp_split3.o)
                              /usr/lib/gcc/avr/5.4.0/../../../avr/lib/avr6/libm.a(fixunssfsi.o) (__fp_splitA)
/usr/lib/gcc/avr/5.4.0/../../../avr/lib/avr6/libm.a(fp_zero.o)
                              /usr/lib/gcc/avr/5.4.0/../../../avr/lib/avr6/libm.a(fixunssfsi.o) (__fp_zero)
/usr/lib/gcc/avr/5.4.0/../../../avr/lib/avr6/libm.a(gesf2.o)
                              ./main.o (__gtsf2)
/usr/lib/gcc/avr/5.4.0/../../../avr/lib/avr6/libm.a(mulsf3.o)
                              ./main.o (__mulsf3)
/usr/lib/gcc/avr/5.4.0/../../../avr/lib/avr6/libm.a(mulsf3x.o)
                              /usr/lib/gcc/avr/5.4.0/../../../avr/lib/avr6/libm.a(mulsf3.o) (__mulsf3x)
/usr/lib/gcc/avr/5.4.0/../../../avr/lib/avr6/libm.a(fp_inf.o)
                              /usr/lib/gcc/avr/5.4.0/../../../avr/lib/avr6/libm.a(mulsf3x.o) (__fp_inf)
/usr/lib/gcc/avr/5.4.0/../../../avr/lib/avr6/libm.a(fp_nan.o)
                              /usr/lib/gcc/avr/5.4.0/../../../avr/lib/avr6/libm.a(mulsf3x.o) (__fp_nan)
/usr/lib/gcc/avr/5.4.0/../../../avr/lib/avr6/libm.a(fp_pscA.o)
                              /usr/lib/gcc/avr/5.4.0/../../../avr/lib/avr6/libm.a(mulsf3x.o) (__fp_pscA)
/usr/lib/gcc/avr/5.4.0/../../../avr/lib/avr6/libm.a(fp_pscB.o)
                              /usr/lib/gcc/avr/5.4.0/../../../avr/lib/avr6/libm.a(mulsf3x.o) (__fp_pscB)
/usr/lib/gcc/avr/5.4.0/../../../avr/lib/avr6/libm.a(fp_round.o)
                              /usr/lib/gcc/avr/5.4.0/../../../avr/lib/avr6/libm.a(mulsf3.o) (__fp_round)

Discarded input sections

 .data          0x0000000000000000        0x0 /usr/lib/gcc/avr/5.4.0/../../../avr/lib/avr6/crtatmega2560.o
 .bss           0x0000000000000000        0x0 /usr/lib/gcc/avr/5.4.0/../../../avr/lib/avr6/crtatmega2560.o
 .text          0x0000000000000000        0x0 ./GPIO.o
 .data          0x0000000000000000        0x0 ./GPIO.o
 .bss           0x0000000000000000        0x0 ./GPIO.o
 .text._ZN4GPIO3getEv
                0x0000000000000000       0x32 ./GPIO.o
 .text          0x0000000000000000        0x0 ./GPIO_Port.o
 .data          0x0000000000000000        0x0 ./GPIO_Port.o
 .bss           0x0000000000000000        0x0 ./GPIO_Port.o
 .text._ZN9GPIO_PORT9GPIO_Port5clearEh
                0x0000000000000000       0x2a ./GPIO_Port.o
 .text._ZN9GPIO_PORT9GPIO_Port3getEh
                0x0000000000000000       0x30 ./GPIO_Port.o
 .text          0x0000000000000000        0x0 ./main.o
 .data          0x0000000000000000        0x0 ./main.o
 .bss           0x0000000000000000        0x0 ./main.o
 .text          0x0000000000000000        0x0 /usr/lib/gcc/avr/5.4.0/avr6/libgcc.a(_exit.o)
 .data          0x0000000000000000        0x0 /usr/lib/gcc/avr/5.4.0/avr6/libgcc.a(_exit.o)
 .bss           0x0000000000000000        0x0 /usr/lib/gcc/avr/5.4.0/avr6/libgcc.a(_exit.o)
 .text.libgcc.mul
                0x0000000000000000        0x0 /usr/lib/gcc/avr/5.4.0/avr6/libgcc.a(_exit.o)
 .text.libgcc.div
                0x0000000000000000        0x0 /usr/lib/gcc/avr/5.4.0/avr6/libgcc.a(_exit.o)
 .text.libgcc   0x0000000000000000        0x0 /usr/lib/gcc/avr/5.4.0/avr6/libgcc.a(_exit.o)
 .text.libgcc.prologue
                0x0000000000000000        0x0 /usr/lib/gcc/avr/5.4.0/avr6/libgcc.a(_exit.o)
 .text.libgcc.builtins
                0x0000000000000000        0x0 /usr/lib/gcc/avr/5.4.0/avr6/libgcc.a(_exit.o)
 .text.libgcc.fmul
                0x0000000000000000        0x0 /usr/lib/gcc/avr/5.4.0/avr6/libgcc.a(_exit.o)
 .text.libgcc.fixed
                0x0000000000000000        0x0 /usr/lib/gcc/avr/5.4.0/avr6/libgcc.a(_exit.o)
 .text          0x0000000000000000        0x0 /usr/lib/gcc/avr/5.4.0/avr6/libgcc.a(_copy_data.o)
 .data          0x0000000000000000        0x0 /usr/lib/gcc/avr/5.4.0/avr6/libgcc.a(_copy_data.o)
 .bss           0x0000000000000000        0x0 /usr/lib/gcc/avr/5.4.0/avr6/libgcc.a(_copy_data.o)
 .text.libgcc.mul
                0x0000000000000000        0x0 /usr/lib/gcc/avr/5.4.0/avr6/libgcc.a(_copy_data.o)
 .text.libgcc.div
                0x0000000000000000        0x0 /usr/lib/gcc/avr/5.4.0/avr6/libgcc.a(_copy_data.o)
 .text.libgcc   0x0000000000000000        0x0 /usr/lib/gcc/avr/5.4.0/avr6/libgcc.a(_copy_data.o)
 .text.libgcc.prologue
                0x0000000000000000        0x0 /usr/lib/gcc/avr/5.4.0/avr6/libgcc.a(_copy_data.o)
 .text.libgcc.builtins
                0x0000000000000000        0x0 /usr/lib/gcc/avr/5.4.0/avr6/libgcc.a(_copy_data.o)
 .text.libgcc.fmul
                0x0000000000000000        0x0 /usr/lib/gcc/avr/5.4.0/avr6/libgcc.a(_copy_data.o)
 .text.libgcc.fixed
                0x0000000000000000        0x0 /usr/lib/gcc/avr/5.4.0/avr6/libgcc.a(_copy_data.o)
 .text          0x0000000000000000        0x0 /usr/lib/gcc/avr/5.4.0/avr6/libgcc.a(_clear_bss.o)
 .data          0x0000000000000000        0x0 /usr/lib/gcc/avr/5.4.0/avr6/libgcc.a(_clear_bss.o)
 .bss           0x0000000000000000        0x0 /usr/lib/gcc/avr/5.4.0/avr6/libgcc.a(_clear_bss.o)
 .text.libgcc.mul
                0x0000000000000000        0x0 /usr/lib/gcc/avr/5.4.0/avr6/libgcc.a(_clear_bss.o)
 .text.libgcc.div
                0x0000000000000000        0x0 /usr/lib/gcc/avr/5.4.0/avr6/libgcc.a(_clear_bss.o)
 .text.libgcc   0x0000000000000000        0x0 /usr/lib/gcc/avr/5.4.0/avr6/libgcc.a(_clear_bss.o)
 .text.libgcc.prologue
                0x0000000000000000        0x0 /usr/lib/gcc/avr/5.4.0/avr6/libgcc.a(_clear_bss.o)
 .text.libgcc.builtins
                0x0000000000000000        0x0 /usr/lib/gcc/avr/5.4.0/avr6/libgcc.a(_clear_bss.o)
 .text.libgcc.fmul
                0x0000000000000000        0x0 /usr/lib/gcc/avr/5.4.0/avr6/libgcc.a(_clear_bss.o)
 .text.libgcc.fixed
                0x0000000000000000        0x0 /usr/lib/gcc/avr/5.4.0/avr6/libgcc.a(_clear_bss.o)
 .text          0x0000000000000000        0x0 /usr/lib/gcc/avr/5.4.0/avr6/libgcc.a(_ctors.o)
 .data          0x0000000000000000        0x0 /usr/lib/gcc/avr/5.4.0/avr6/libgcc.a(_ctors.o)
 .bss           0x0000000000000000        0x0 /usr/lib/gcc/avr/5.4.0/avr6/libgcc.a(_ctors.o)
 .text.libgcc.mul
                0x0000000000000000        0x0 /usr/lib/gcc/avr/5.4.0/avr6/libgcc.a(_ctors.o)
 .text.libgcc.div
                0x0000000000000000        0x0 /usr/lib/gcc/avr/5.4.0/avr6/libgcc.a(_ctors.o)
 .text.libgcc   0x0000000000000000        0x0 /usr/lib/gcc/avr/5.4.0/avr6/libgcc.a(_ctors.o)
 .text.libgcc.prologue
                0x0000000000000000        0x0 /usr/lib/gcc/avr/5.4.0/avr6/libgcc.a(_ctors.o)
 .text.libgcc.builtins
                0x0000000000000000        0x0 /usr/lib/gcc/avr/5.4.0/avr6/libgcc.a(_ctors.o)
 .text.libgcc.fmul
                0x0000000000000000        0x0 /usr/lib/gcc/avr/5.4.0/avr6/libgcc.a(_ctors.o)
 .text.libgcc.fixed
                0x0000000000000000        0x0 /usr/lib/gcc/avr/5.4.0/avr6/libgcc.a(_ctors.o)
 .text          0x0000000000000000        0x0 /usr/lib/gcc/avr/5.4.0/avr6/libgcc.a(_dtors.o)
 .data          0x0000000000000000        0x0 /usr/lib/gcc/avr/5.4.0/avr6/libgcc.a(_dtors.o)
 .bss           0x0000000000000000        0x0 /usr/lib/gcc/avr/5.4.0/avr6/libgcc.a(_dtors.o)
 .text.libgcc.mul
                0x0000000000000000        0x0 /usr/lib/gcc/avr/5.4.0/avr6/libgcc.a(_dtors.o)
 .text.libgcc.div
                0x0000000000000000        0x0 /usr/lib/gcc/avr/5.4.0/avr6/libgcc.a(_dtors.o)
 .text.libgcc   0x0000000000000000        0x0 /usr/lib/gcc/avr/5.4.0/avr6/libgcc.a(_dtors.o)
 .text.libgcc.prologue
                0x0000000000000000        0x0 /usr/lib/gcc/avr/5.4.0/avr6/libgcc.a(_dtors.o)
 .text.libgcc.builtins
                0x0000000000000000        0x0 /usr/lib/gcc/avr/5.4.0/avr6/libgcc.a(_dtors.o)
 .text.libgcc.fmul
                0x0000000000000000        0x0 /usr/lib/gcc/avr/5.4.0/avr6/libgcc.a(_dtors.o)
 .text.libgcc.fixed
                0x0000000000000000        0x0 /usr/lib/gcc/avr/5.4.0/avr6/libgcc.a(_dtors.o)
 .text          0x0000000000000000        0x0 /usr/lib/gcc/avr/5.4.0/avr6/libgcc.a(_tablejump2.o)
 .data          0x0000000000000000        0x0 /usr/lib/gcc/avr/5.4.0/avr6/libgcc.a(_tablejump2.o)
 .bss           0x0000000000000000        0x0 /usr/lib/gcc/avr/5.4.0/avr6/libgcc.a(_tablejump2.o)
 .text.libgcc.mul
                0x0000000000000000        0x0 /usr/lib/gcc/avr/5.4.0/avr6/libgcc.a(_tablejump2.o)
 .text.libgcc.div
                0x0000000000000000        0x0 /usr/lib/gcc/avr/5.4.0/avr6/libgcc.a(_tablejump2.o)
 .text.libgcc.prologue
                0x0000000000000000        0x0 /usr/lib/gcc/avr/5.4.0/avr6/libgcc.a(_tablejump2.o)
 .text.libgcc.builtins
                0x0000000000000000        0x0 /usr/lib/gcc/avr/5.4.0/avr6/libgcc.a(_tablejump2.o)
 .text.libgcc.fmul
                0x0000000000000000        0x0 /usr/lib/gcc/avr/5.4.0/avr6/libgcc.a(_tablejump2.o)
 .text.libgcc.fixed
                0x0000000000000000        0x0 /usr/lib/gcc/avr/5.4.0/avr6/libgcc.a(_tablejump2.o)
 .text          0x0000000000000000        0x0 /usr/lib/gcc/avr/5.4.0/../../../avr/lib/avr6/libm.a(cmpsf2.o)
 .data          0x0000000000000000        0x0 /usr/lib/gcc/avr/5.4.0/../../../avr/lib/avr6/libm.a(cmpsf2.o)
 .bss           0x0000000000000000        0x0 /usr/lib/gcc/avr/5.4.0/../../../avr/lib/avr6/libm.a(cmpsf2.o)
 .text          0x0000000000000000        0x0 /usr/lib/gcc/avr/5.4.0/../../../avr/lib/avr6/libm.a(fixunssfsi.o)
 .data          0x0000000000000000        0x0 /usr/lib/gcc/avr/5.4.0/../../../avr/lib/avr6/libm.a(fixunssfsi.o)
 .bss           0x0000000000000000        0x0 /usr/lib/gcc/avr/5.4.0/../../../avr/lib/avr6/libm.a(fixunssfsi.o)
 .text          0x0000000000000000        0x0 /usr/lib/gcc/avr/5.4.0/../../../avr/lib/avr6/libm.a(fp_cmp.o)
 .data          0x0000000000000000        0x0 /usr/lib/gcc/avr/5.4.0/../../../avr/lib/avr6/libm.a(fp_cmp.o)
 .bss           0x0000000000000000        0x0 /usr/lib/gcc/avr/5.4.0/../../../avr/lib/avr6/libm.a(fp_cmp.o)
 .text          0x0000000000000000        0x0 /usr/lib/gcc/avr/5.4.0/../../../avr/lib/avr6/libm.a(fp_split3.o)
 .data          0x0000000000000000        0x0 /usr/lib/gcc/avr/5.4.0/../../../avr/lib/avr6/libm.a(fp_split3.o)
 .bss           0x0000000000000000        0x0 /usr/lib/gcc/avr/5.4.0/../../../avr/lib/avr6/libm.a(fp_split3.o)
 .text          0x0000000000000000        0x0 /usr/lib/gcc/avr/5.4.0/../../../avr/lib/avr6/libm.a(fp_zero.o)
 .data          0x0000000000000000        0x0 /usr/lib/gcc/avr/5.4.0/../../../avr/lib/avr6/libm.a(fp_zero.o)
 .bss           0x0000000000000000        0x0 /usr/lib/gcc/avr/5.4.0/../../../avr/lib/avr6/libm.a(fp_zero.o)
 .text          0x0000000000000000        0x0 /usr/lib/gcc/avr/5.4.0/../../../avr/lib/avr6/libm.a(gesf2.o)
 .data          0x0000000000000000        0x0 /usr/lib/gcc/avr/5.4.0/../../../avr/lib/avr6/libm.a(gesf2.o)
 .bss           0x0000000000000000        0x0 /usr/lib/gcc/avr/5.4.0/../../../avr/lib/avr6/libm.a(gesf2.o)
 .text          0x0000000000000000        0x0 /usr/lib/gcc/avr/5.4.0/../../../avr/lib/avr6/libm.a(mulsf3.o)
 .data          0x0000000000000000        0x0 /usr/lib/gcc/avr/5.4.0/../../../avr/lib/avr6/libm.a(mulsf3.o)
 .bss           0x0000000000000000        0x0 /usr/lib/gcc/avr/5.4.0/../../../avr/lib/avr6/libm.a(mulsf3.o)
 .text          0x0000000000000000        0x0 /usr/lib/gcc/avr/5.4.0/../../../avr/lib/avr6/libm.a(mulsf3x.o)
 .data          0x0000000000000000        0x0 /usr/lib/gcc/avr/5.4.0/../../../avr/lib/avr6/libm.a(mulsf3x.o)
 .bss           0x0000000000000000        0x0 /usr/lib/gcc/avr/5.4.0/../../../avr/lib/avr6/libm.a(mulsf3x.o)
 .text          0x0000000000000000        0x0 /usr/lib/gcc/avr/5.4.0/../../../avr/lib/avr6/libm.a(fp_inf.o)
 .data          0x0000000000000000        0x0 /usr/lib/gcc/avr/5.4.0/../../../avr/lib/avr6/libm.a(fp_inf.o)
 .bss           0x0000000000000000        0x0 /usr/lib/gcc/avr/5.4.0/../../../avr/lib/avr6/libm.a(fp_inf.o)
 .text          0x0000000000000000        0x0 /usr/lib/gcc/avr/5.4.0/../../../avr/lib/avr6/libm.a(fp_nan.o)
 .data          0x0000000000000000        0x0 /usr/lib/gcc/avr/5.4.0/../../../avr/lib/avr6/libm.a(fp_nan.o)
 .bss           0x0000000000000000        0x0 /usr/lib/gcc/avr/5.4.0/../../../avr/lib/avr6/libm.a(fp_nan.o)
 .text          0x0000000000000000        0x0 /usr/lib/gcc/avr/5.4.0/../../../avr/lib/avr6/libm.a(fp_pscA.o)
 .data          0x0000000000000000        0x0 /usr/lib/gcc/avr/5.4.0/../../../avr/lib/avr6/libm.a(fp_pscA.o)
 .bss           0x0000000000000000        0x0 /usr/lib/gcc/avr/5.4.0/../../../avr/lib/avr6/libm.a(fp_pscA.o)
 .text          0x0000000000000000        0x0 /usr/lib/gcc/avr/5.4.0/../../../avr/lib/avr6/libm.a(fp_pscB.o)
 .data          0x0000000000000000        0x0 /usr/lib/gcc/avr/5.4.0/../../../avr/lib/avr6/libm.a(fp_pscB.o)
 .bss           0x0000000000000000        0x0 /usr/lib/gcc/avr/5.4.0/../../../avr/lib/avr6/libm.a(fp_pscB.o)
 .text          0x0000000000000000        0x0 /usr/lib/gcc/avr/5.4.0/../../../avr/lib/avr6/libm.a(fp_round.o)
 .data          0x0000000000000000        0x0 /usr/lib/gcc/avr/5.4.0/../../../avr/lib/avr6/libm.a(fp_round.o)
 .bss           0x0000000000000000        0x0 /usr/lib/gcc/avr/5.4.0/../../../avr/lib/avr6/libm.a(fp_round.o)

Memory Configuration

Name             Origin             Length             Attributes
text             0x0000000000000000 0x0000000000100000 xr
data             0x0000000000800200 0x000000000000fe00 rw !x
eeprom           0x0000000000810000 0x0000000000010000 rw !x
fuse             0x0000000000820000 0x0000000000000003 rw !x
lock             0x0000000000830000 0x0000000000000400 rw !x
signature        0x0000000000840000 0x0000000000000400 rw !x
user_signatures  0x0000000000850000 0x0000000000000400 rw !x
*default*        0x0000000000000000 0xffffffffffffffff

Linker script and memory map

Address of section .data set to 0x800200
LOAD /usr/lib/gcc/avr/5.4.0/../../../avr/lib/avr6/crtatmega2560.o
LOAD ./GPIO.o
LOAD ./GPIO_Port.o
LOAD ./main.o
LOAD /usr/lib/gcc/avr/5.4.0/avr6/libgcc.a
LOAD /usr/lib/gcc/avr/5.4.0/../../../avr/lib/avr6/libm.a
START GROUP
LOAD /usr/lib/gcc/avr/5.4.0/avr6/libgcc.a
LOAD /usr/lib/gcc/avr/5.4.0/../../../avr/lib/avr6/libm.a
LOAD /usr/lib/gcc/avr/5.4.0/../../../avr/lib/avr6/libc.a
LOAD /usr/lib/gcc/avr/5.4.0/../../../avr/lib/avr6/libatmega2560.a
END GROUP
                0x0000000000100000                __TEXT_REGION_LENGTH__ = DEFINED (__TEXT_REGION_LENGTH__)?__TEXT_REGION_LENGTH__:0x100000
                0x000000000000fe00                __DATA_REGION_LENGTH__ = DEFINED (__DATA_REGION_LENGTH__)?__DATA_REGION_LENGTH__:0xfe00
                0x0000000000010000                __EEPROM_REGION_LENGTH__ = DEFINED (__EEPROM_REGION_LENGTH__)?__EEPROM_REGION_LENGTH__:0x10000
                [0x0000000000000003]                __FUSE_REGION_LENGTH__ = DEFINED (__FUSE_REGION_LENGTH__)?__FUSE_REGION_LENGTH__:0x400
                0x0000000000000400                __LOCK_REGION_LENGTH__ = DEFINED (__LOCK_REGION_LENGTH__)?__LOCK_REGION_LENGTH__:0x400
                0x0000000000000400                __SIGNATURE_REGION_LENGTH__ = DEFINED (__SIGNATURE_REGION_LENGTH__)?__SIGNATURE_REGION_LENGTH__:0x400
                0x0000000000000400                __USER_SIGNATURE_REGION_LENGTH__ = DEFINED (__USER_SIGNATURE_REGION_LENGTH__)?__USER_SIGNATURE_REGION_LENGTH__:0x400

.hash
 *(.hash)

.dynsym
 *(.dynsym)

.dynstr
 *(.dynstr)

.gnu.version
 *(.gnu.version)

.gnu.version_d
 *(.gnu.version_d)

.gnu.version_r
 *(.gnu.version_r)

.rel.init
 *(.rel.init)

.rela.init
 *(.rela.init)

.rel.text
 *(.rel.text)
 *(.rel.text.*)
 *(.rel.gnu.linkonce.t*)

.rela.text
 *(.rela.text)
 *(.rela.text.*)
 *(.rela.gnu.linkonce.t*)

.rel.fini
 *(.rel.fini)

.rela.fini
 *(.rela.fini)

.rel.rodata
 *(.rel.rodata)
 *(.rel.rodata.*)
 *(.rel.gnu.linkonce.r*)

.rela.rodata
 *(.rela.rodata)
 *(.rela.rodata.*)
 *(.rela.gnu.linkonce.r*)

.rel.data
 *(.rel.data)
 *(.rel.data.*)
 *(.rel.gnu.linkonce.d*)

.rela.data
 *(.rela.data)
 *(.rela.data.*)
 *(.rela.gnu.linkonce.d*)

.rel.ctors
 *(.rel.ctors)

.rela.ctors
 *(.rela.ctors)

.rel.dtors
 *(.rel.dtors)

.rela.dtors
 *(.rela.dtors)

.rel.got
 *(.rel.got)

.rela.got
 *(.rela.got)

.rel.bss
 *(.rel.bss)

.rela.bss
 *(.rela.bss)

.rel.plt
 *(.rel.plt)

.rela.plt
 *(.rela.plt)

.text           0x0000000000000000      0x968
 *(.vectors)
 .vectors       0x0000000000000000       0xe4 /usr/lib/gcc/avr/5.4.0/../../../avr/lib/avr6/crtatmega2560.o
                0x0000000000000000                __vectors
                0x0000000000000000                __vector_default
 *(.vectors)
 *(.progmem.gcc*)
                0x00000000000000e4                . = ALIGN (0x2)
                0x00000000000000e4                __trampolines_start = .
 *(.trampolines)
 .trampolines   0x00000000000000e4        0x0 linker stubs
 *(.trampolines*)
                0x00000000000000e4                __trampolines_end = .
 *libprintf_flt.a:*(.progmem.data)
 *libc.a:*(.progmem.data)
 *(.progmem*)
                0x00000000000000e4                . = ALIGN (0x2)
 *(.jumptables)
 *(.jumptables*)
 *(.lowtext)
 *(.lowtext*)
                0x00000000000000e4                __ctors_start = .
 *(.ctors)
 .ctors         0x00000000000000e4        0x2 ./main.o
                0x00000000000000e6                __ctors_end = .
                0x00000000000000e6                __dtors_start = .
 *(.dtors)
 .dtors         0x00000000000000e6        0x2 ./main.o
                0x00000000000000e8                __dtors_end = .
 SORT(*)(.ctors)
 SORT(*)(.dtors)
 *(.init0)
 .init0         0x00000000000000e8        0x0 /usr/lib/gcc/avr/5.4.0/../../../avr/lib/avr6/crtatmega2560.o
                0x00000000000000e8                __init
 *(.init0)
 *(.init1)
 *(.init1)
 *(.init2)
 .init2         0x00000000000000e8       0x10 /usr/lib/gcc/avr/5.4.0/../../../avr/lib/avr6/crtatmega2560.o
 *(.init2)
 *(.init3)
 *(.init3)
 *(.init4)
 .init4         0x00000000000000f8       0x1a /usr/lib/gcc/avr/5.4.0/avr6/libgcc.a(_copy_data.o)
                0x00000000000000f8                __do_copy_data
 .init4         0x0000000000000112       0x10 /usr/lib/gcc/avr/5.4.0/avr6/libgcc.a(_clear_bss.o)
                0x0000000000000112                __do_clear_bss
 *(.init4)
 *(.init5)
 *(.init5)
 *(.init6)
 .init6         0x0000000000000122       0x1e /usr/lib/gcc/avr/5.4.0/avr6/libgcc.a(_ctors.o)
                0x0000000000000122                __do_global_ctors
 *(.init6)
 *(.init7)
 *(.init7)
 *(.init8)
 *(.init8)
 *(.init9)
 .init9         0x0000000000000140        0x4 /usr/lib/gcc/avr/5.4.0/../../../avr/lib/avr6/crtatmega2560.o
 *(.init9)
 *(.text)
 .text          0x0000000000000144        0x2 /usr/lib/gcc/avr/5.4.0/../../../avr/lib/avr6/crtatmega2560.o
                0x0000000000000144                __vector_38
                0x0000000000000144                __vector_22
                0x0000000000000144                __vector_28
                0x0000000000000144                __vector_1
                0x0000000000000144                __vector_32
                0x0000000000000144                __vector_34
                0x0000000000000144                __vector_24
                0x0000000000000144                __vector_12
                0x0000000000000144                __vector_55
                0x0000000000000144                __vector_46
                0x0000000000000144                __bad_interrupt
                0x0000000000000144                __vector_6
                0x0000000000000144                __vector_31
                0x0000000000000144                __vector_35
                0x0000000000000144                __vector_39
                0x0000000000000144                __vector_3
                0x0000000000000144                __vector_23
                0x0000000000000144                __vector_30
                0x0000000000000144                __vector_45
                0x0000000000000144                __vector_25
                0x0000000000000144                __vector_11
                0x0000000000000144                __vector_54
                0x0000000000000144                __vector_13
                0x0000000000000144                __vector_17
                0x0000000000000144                __vector_19
                0x0000000000000144                __vector_56
                0x0000000000000144                __vector_7
                0x0000000000000144                __vector_49
                0x0000000000000144                __vector_41
                0x0000000000000144                __vector_43
                0x0000000000000144                __vector_27
                0x0000000000000144                __vector_5
                0x0000000000000144                __vector_33
                0x0000000000000144                __vector_47
                0x0000000000000144                __vector_52
                0x0000000000000144                __vector_37
                0x0000000000000144                __vector_4
                0x0000000000000144                __vector_44
                0x0000000000000144                __vector_51
                0x0000000000000144                __vector_9
                0x0000000000000144                __vector_2
                0x0000000000000144                __vector_21
                0x0000000000000144                __vector_15
                0x0000000000000144                __vector_36
                0x0000000000000144                __vector_29
                0x0000000000000144                __vector_40
                0x0000000000000144                __vector_8
                0x0000000000000144                __vector_26
                0x0000000000000144                __vector_48
                0x0000000000000144                __vector_14
                0x0000000000000144                __vector_53
                0x0000000000000144                __vector_10
                0x0000000000000144                __vector_50
                0x0000000000000144                __vector_16
                0x0000000000000144                __vector_18
                0x0000000000000144                __vector_20
                0x0000000000000144                __vector_42
                0x0000000000000146                . = ALIGN (0x2)
 *(.text.*)
 .text._ZN4GPIOC2EhNS_15PortDirection_tE
                0x0000000000000146       0x86 ./GPIO.o
                0x0000000000000146                _ZN4GPIOC1EhNS_15PortDirection_tE
                0x0000000000000146                _ZN4GPIOC2EhNS_15PortDirection_tE
 .text._ZN4GPIOD2Ev
                0x00000000000001cc       0x1c ./GPIO.o
                0x00000000000001cc                _ZN4GPIOD1Ev
                0x00000000000001cc                _ZN4GPIOD2Ev
 .text._ZN4GPIO3setEb
                0x00000000000001e8       0x36 ./GPIO.o
                0x00000000000001e8                _ZN4GPIO3setEb
 .text._ZN4GPIO5clearEv
                0x000000000000021e       0x24 ./GPIO.o
                0x000000000000021e                _ZN4GPIO5clearEv
 .text._ZN4GPIO6toggleEv
                0x0000000000000242       0x32 ./GPIO.o
                0x0000000000000242                _ZN4GPIO6toggleEv
 .text._ZN9GPIO_PORT9GPIO_Port3dirEhb
                0x0000000000000274       0x5c ./GPIO_Port.o
                0x0000000000000274                _ZN9GPIO_PORT9GPIO_Port3dirEhb
 .text._ZN9GPIO_PORT9GPIO_Port3setEhb
                0x00000000000002d0       0x5c ./GPIO_Port.o
                0x00000000000002d0                _ZN9GPIO_PORT9GPIO_Port3setEhb
 .text._ZN9GPIO_PORT9GPIO_Port6toggleEh
                0x000000000000032c       0x28 ./GPIO_Port.o
                0x000000000000032c                _ZN9GPIO_PORT9GPIO_Port6toggleEh
 .text.main     0x0000000000000354      0x306 ./main.o
                0x0000000000000354                main
 .text._Z41__static_initialization_and_destruction_0ii
                0x000000000000065a       0x94 ./main.o
 .text._GLOBAL__sub_I_led0
                0x00000000000006ee       0x18 ./main.o
 .text._GLOBAL__sub_D_led0
                0x0000000000000706       0x18 ./main.o
 .text.libgcc   0x000000000000071e       0x10 /usr/lib/gcc/avr/5.4.0/avr6/libgcc.a(_tablejump2.o)
                0x000000000000071e                __tablejump2__
 .text.avr-libc.fplib
                0x000000000000072e        0x8 /usr/lib/gcc/avr/5.4.0/../../../avr/lib/avr6/libm.a(cmpsf2.o)
                0x000000000000072e                __lesf2
                0x000000000000072e                __nesf2
                0x000000000000072e                __eqsf2
                0x000000000000072e                __cmpsf2
                0x000000000000072e                __ltsf2
 .text.avr-libc.fplib
                0x0000000000000736       0x58 /usr/lib/gcc/avr/5.4.0/../../../avr/lib/avr6/libm.a(fixunssfsi.o)
                0x0000000000000736                __fixunssfsi
 .text.avr-libc.fplib
                0x000000000000078e       0x48 /usr/lib/gcc/avr/5.4.0/../../../avr/lib/avr6/libm.a(fp_cmp.o)
                0x000000000000078e                __fp_cmp
 .text.avr-libc.fplib
                0x00000000000007d6       0x44 /usr/lib/gcc/avr/5.4.0/../../../avr/lib/avr6/libm.a(fp_split3.o)
                0x00000000000007d6                __fp_split3
                0x00000000000007e6                __fp_splitA
 .text.avr-libc.fplib
                0x000000000000081a        0xe /usr/lib/gcc/avr/5.4.0/../../../avr/lib/avr6/libm.a(fp_zero.o)
                0x000000000000081a                __fp_zero
                0x000000000000081c                __fp_szero
 .text.avr-libc.fplib
                0x0000000000000828        0x8 /usr/lib/gcc/avr/5.4.0/../../../avr/lib/avr6/libm.a(gesf2.o)
                0x0000000000000828                __gtsf2
                0x0000000000000828                __gesf2
 .text.avr-libc.fplib
                0x0000000000000830        0x4 /usr/lib/gcc/avr/5.4.0/../../../avr/lib/avr6/libm.a(mulsf3.o)
                0x0000000000000830                __mulsf3
 .text.avr-libc.fplib
                0x0000000000000834       0xc2 /usr/lib/gcc/avr/5.4.0/../../../avr/lib/avr6/libm.a(mulsf3x.o)
                0x0000000000000848                __mulsf3x
                0x000000000000084c                __mulsf3_pse
 .text.avr-libc.fplib
                0x00000000000008f6        0xc /usr/lib/gcc/avr/5.4.0/../../../avr/lib/avr6/libm.a(fp_inf.o)
                0x00000000000008f6                __fp_inf
 .text.avr-libc.fplib
                0x0000000000000902        0x6 /usr/lib/gcc/avr/5.4.0/../../../avr/lib/avr6/libm.a(fp_nan.o)
                0x0000000000000902                __fp_nan
 .text.avr-libc.fplib
                0x0000000000000908        0xe /usr/lib/gcc/avr/5.4.0/../../../avr/lib/avr6/libm.a(fp_pscA.o)
                0x0000000000000908                __fp_pscA
 .text.avr-libc.fplib
                0x0000000000000916        0xe /usr/lib/gcc/avr/5.4.0/../../../avr/lib/avr6/libm.a(fp_pscB.o)
                0x0000000000000916                __fp_pscB
 .text.avr-libc.fplib
                0x0000000000000924       0x22 /usr/lib/gcc/avr/5.4.0/../../../avr/lib/avr6/libm.a(fp_round.o)
                0x0000000000000924                __fp_round
                0x0000000000000946                . = ALIGN (0x2)
 *(.fini9)
 .fini9         0x0000000000000946        0x0 /usr/lib/gcc/avr/5.4.0/avr6/libgcc.a(_exit.o)
                0x0000000000000946                exit
                0x0000000000000946                _exit
 *(.fini9)
 *(.fini8)
 *(.fini8)
 *(.fini7)
 *(.fini7)
 *(.fini6)
 .fini6         0x0000000000000946       0x1e /usr/lib/gcc/avr/5.4.0/avr6/libgcc.a(_dtors.o)
                0x0000000000000946                __do_global_dtors
 *(.fini6)
 *(.fini5)
 *(.fini5)
 *(.fini4)
 *(.fini4)
 *(.fini3)
 *(.fini3)
 *(.fini2)
 *(.fini2)
 *(.fini1)
 *(.fini1)
 *(.fini0)
 .fini0         0x0000000000000964        0x4 /usr/lib/gcc/avr/5.4.0/avr6/libgcc.a(_exit.o)
 *(.fini0)
                0x0000000000000968                _etext = .

.data           0x0000000000800200       0x24 load address 0x0000000000000968
                0x0000000000800200                PROVIDE (__data_start, .)
 *(.data)
 *(.data*)
 .data._ZN9GPIO_PORT8AllPortsE
                0x0000000000800200        0x8 ./GPIO_Port.o
                0x0000000000800200                _ZN9GPIO_PORT8AllPortsE
 *(.rodata)
 *(.rodata*)
 .rodata._ZN9GPIO_PORT10id_to_portE
                0x0000000000800208        0xe ./GPIO_Port.o
                0x0000000000800208                _ZN9GPIO_PORT10id_to_portE
 .rodata._ZN9GPIO_PORT9id_to_bitE
                0x0000000000800216        0xe ./GPIO_Port.o
                0x0000000000800216                _ZN9GPIO_PORT9id_to_bitE
 *(.gnu.linkonce.d*)
                0x0000000000800224                . = ALIGN (0x2)
                0x0000000000800224                _edata = .
                0x0000000000800224                PROVIDE (__data_end, .)

.bss            0x0000000000800224        0xf
                0x0000000000800224                PROVIDE (__bss_start, .)
 *(.bss)
 *(.bss*)
 .bss.led0      0x0000000000800224        0x3 ./main.o
                0x0000000000800224                led0
 .bss.led1      0x0000000000800227        0x3 ./main.o
                0x0000000000800227                led1
 .bss.led13     0x000000000080022a        0x3 ./main.o
                0x000000000080022a                led13
 .bss.led4      0x000000000080022d        0x3 ./main.o
                0x000000000080022d                led4
 .bss.led6      0x0000000000800230        0x3 ./main.o
                0x0000000000800230                led6
 *(COMMON)
                0x0000000000800233                PROVIDE (__bss_end, .)
                0x0000000000000968                __data_load_start = LOADADDR (.data)
                0x000000000000098c                __data_load_end = (__data_load_start + SIZEOF (.data))

.noinit         0x0000000000800233        0x0
                [!provide]                        PROVIDE (__noinit_start, .)
 *(.noinit*)
                [!provide]                        PROVIDE (__noinit_end, .)
                0x0000000000800233                _end = .
                [!provide]                        PROVIDE (__heap_start, .)

.eeprom         0x0000000000810000        0x0
 *(.eeprom*)
                0x0000000000810000                __eeprom_end = .

.fuse
 *(.fuse)
 *(.lfuse)
 *(.hfuse)
 *(.efuse)

.lock
 *(.lock*)

.signature
 *(.signature*)

.user_signatures
 *(.user_signatures*)

.stab           0x0000000000000000     0x1590
 *(.stab)
 .stab          0x0000000000000000      0x63c ./GPIO.o
                                        0x678 (size before relaxing)
 .stab          0x000000000000063c      0x624 ./GPIO_Port.o
                                        0x6c0 (size before relaxing)
 .stab          0x0000000000000c60      0x930 ./main.o
                                        0x93c (size before relaxing)

.stabstr        0x0000000000000000     0x11a7
 *(.stabstr)
 .stabstr       0x0000000000000000     0x11a7 ./GPIO.o

.stab.excl
 *(.stab.excl)

.stab.exclstr
 *(.stab.exclstr)

.stab.index
 *(.stab.index)

.stab.indexstr
 *(.stab.indexstr)

.comment        0x0000000000000000       0x11
 *(.comment)
 .comment       0x0000000000000000       0x11 ./GPIO.o
                                         0x12 (size before relaxing)
 .comment       0x0000000000000011       0x12 ./GPIO_Port.o
 .comment       0x0000000000000011       0x12 ./main.o

.note.gnu.avr.deviceinfo
                0x0000000000000000       0x40
 .note.gnu.avr.deviceinfo
                0x0000000000000000       0x40 /usr/lib/gcc/avr/5.4.0/../../../avr/lib/avr6/crtatmega2560.o

.note.gnu.build-id
 *(.note.gnu.build-id)

.debug
 *(.debug)

.line
 *(.line)

.debug_srcinfo
 *(.debug_srcinfo)

.debug_sfnames
 *(.debug_sfnames)

.debug_aranges
 *(.debug_aranges)

.debug_pubnames
 *(.debug_pubnames)

.debug_info     0x0000000000000000      0xbbc
 *(.debug_info .gnu.linkonce.wi.*)
 .debug_info    0x0000000000000000      0xbbc /usr/lib/gcc/avr/5.4.0/../../../avr/lib/avr6/crtatmega2560.o

.debug_abbrev   0x0000000000000000      0xb1a
 *(.debug_abbrev)
 .debug_abbrev  0x0000000000000000      0xb1a /usr/lib/gcc/avr/5.4.0/../../../avr/lib/avr6/crtatmega2560.o

.debug_line     0x0000000000000000       0x1a
 *(.debug_line .debug_line.* .debug_line_end)
 .debug_line    0x0000000000000000       0x1a /usr/lib/gcc/avr/5.4.0/../../../avr/lib/avr6/crtatmega2560.o

.debug_frame
 *(.debug_frame)

.debug_str      0x0000000000000000      0x3e6
 *(.debug_str)
 .debug_str     0x0000000000000000      0x3e6 /usr/lib/gcc/avr/5.4.0/../../../avr/lib/avr6/crtatmega2560.o

.debug_loc
 *(.debug_loc)

.debug_macinfo
 *(.debug_macinfo)

.debug_weaknames
 *(.debug_weaknames)

.debug_funcnames
 *(.debug_funcnames)

.debug_typenames
 *(.debug_typenames)

.debug_varnames
 *(.debug_varnames)

.debug_pubtypes
 *(.debug_pubtypes)

.debug_ranges
 *(.debug_ranges)

.debug_macro
 *(.debug_macro)
OUTPUT(GPIO_v2.elf elf32-avr)
LOAD linker stubs

Cross Reference Table

Symbol                                            File
_ZN4GPIO3getEv                                    ./GPIO.o
_ZN4GPIO3setEb                                    ./GPIO.o
                                                  ./main.o
_ZN4GPIO5clearEv                                  ./GPIO.o
                                                  ./main.o
_ZN4GPIO6toggleEv                                 ./GPIO.o
                                                  ./main.o
_ZN4GPIOC1EhNS_15PortDirection_tE                 ./GPIO.o
                                                  ./main.o
_ZN4GPIOC2EhNS_15PortDirection_tE                 ./GPIO.o
_ZN4GPIOD1Ev                                      ./GPIO.o
                                                  ./main.o
_ZN4GPIOD2Ev                                      ./GPIO.o
_ZN9GPIO_PORT10id_to_portE                        ./GPIO_Port.o
                                                  ./GPIO.o
_ZN9GPIO_PORT8AllPortsE                           ./GPIO_Port.o
                                                  ./GPIO.o
_ZN9GPIO_PORT9GPIO_Port3dirEhb                    ./GPIO_Port.o
                                                  ./GPIO.o
_ZN9GPIO_PORT9GPIO_Port3getEh                     ./GPIO_Port.o
                                                  ./GPIO.o
_ZN9GPIO_PORT9GPIO_Port3setEhb                    ./GPIO_Port.o
                                                  ./GPIO.o
_ZN9GPIO_PORT9GPIO_Port5clearEh                   ./GPIO_Port.o
_ZN9GPIO_PORT9GPIO_Port6toggleEh                  ./GPIO_Port.o
                                                  ./GPIO.o
_ZN9GPIO_PORT9id_to_bitE                          ./GPIO_Port.o
                                                  ./GPIO.o
__FUSE_REGION_LENGTH__                            /usr/lib/gcc/avr/5.4.0/../../../avr/lib/avr6/crtatmega2560.o
__bad_interrupt                                   /usr/lib/gcc/avr/5.4.0/../../../avr/lib/avr6/crtatmega2560.o
__bss_end                                         /usr/lib/gcc/avr/5.4.0/avr6/libgcc.a(_clear_bss.o)
__bss_start                                       /usr/lib/gcc/avr/5.4.0/avr6/libgcc.a(_clear_bss.o)
__cmpsf2                                          /usr/lib/gcc/avr/5.4.0/../../../avr/lib/avr6/libm.a(cmpsf2.o)
__ctors_end                                       /usr/lib/gcc/avr/5.4.0/avr6/libgcc.a(_ctors.o)
__ctors_start                                     /usr/lib/gcc/avr/5.4.0/avr6/libgcc.a(_ctors.o)
__data_end                                        /usr/lib/gcc/avr/5.4.0/avr6/libgcc.a(_copy_data.o)
__data_load_start                                 /usr/lib/gcc/avr/5.4.0/avr6/libgcc.a(_copy_data.o)
__data_start                                      /usr/lib/gcc/avr/5.4.0/avr6/libgcc.a(_copy_data.o)
__do_clear_bss                                    /usr/lib/gcc/avr/5.4.0/avr6/libgcc.a(_clear_bss.o)
                                                  ./main.o
__do_copy_data                                    /usr/lib/gcc/avr/5.4.0/avr6/libgcc.a(_copy_data.o)
                                                  ./GPIO_Port.o
__do_global_ctors                                 /usr/lib/gcc/avr/5.4.0/avr6/libgcc.a(_ctors.o)
                                                  ./main.o
__do_global_dtors                                 /usr/lib/gcc/avr/5.4.0/avr6/libgcc.a(_dtors.o)
                                                  ./main.o
__dtors_end                                       /usr/lib/gcc/avr/5.4.0/avr6/libgcc.a(_dtors.o)
__dtors_start                                     /usr/lib/gcc/avr/5.4.0/avr6/libgcc.a(_dtors.o)
__eqsf2                                           /usr/lib/gcc/avr/5.4.0/../../../avr/lib/avr6/libm.a(cmpsf2.o)
__fixunssfsi                                      /usr/lib/gcc/avr/5.4.0/../../../avr/lib/avr6/libm.a(fixunssfsi.o)
                                                  ./main.o
__fp_cmp                                          /usr/lib/gcc/avr/5.4.0/../../../avr/lib/avr6/libm.a(fp_cmp.o)
                                                  /usr/lib/gcc/avr/5.4.0/../../../avr/lib/avr6/libm.a(gesf2.o)
                                                  /usr/lib/gcc/avr/5.4.0/../../../avr/lib/avr6/libm.a(cmpsf2.o)
__fp_inf                                          /usr/lib/gcc/avr/5.4.0/../../../avr/lib/avr6/libm.a(fp_inf.o)
                                                  /usr/lib/gcc/avr/5.4.0/../../../avr/lib/avr6/libm.a(mulsf3x.o)
__fp_nan                                          /usr/lib/gcc/avr/5.4.0/../../../avr/lib/avr6/libm.a(fp_nan.o)
                                                  /usr/lib/gcc/avr/5.4.0/../../../avr/lib/avr6/libm.a(mulsf3x.o)
__fp_pscA                                         /usr/lib/gcc/avr/5.4.0/../../../avr/lib/avr6/libm.a(fp_pscA.o)
                                                  /usr/lib/gcc/avr/5.4.0/../../../avr/lib/avr6/libm.a(mulsf3x.o)
__fp_pscB                                         /usr/lib/gcc/avr/5.4.0/../../../avr/lib/avr6/libm.a(fp_pscB.o)
                                                  /usr/lib/gcc/avr/5.4.0/../../../avr/lib/avr6/libm.a(mulsf3x.o)
__fp_round                                        /usr/lib/gcc/avr/5.4.0/../../../avr/lib/avr6/libm.a(fp_round.o)
                                                  /usr/lib/gcc/avr/5.4.0/../../../avr/lib/avr6/libm.a(mulsf3.o)
__fp_split3                                       /usr/lib/gcc/avr/5.4.0/../../../avr/lib/avr6/libm.a(fp_split3.o)
                                                  /usr/lib/gcc/avr/5.4.0/../../../avr/lib/avr6/libm.a(mulsf3x.o)
__fp_splitA                                       /usr/lib/gcc/avr/5.4.0/../../../avr/lib/avr6/libm.a(fp_split3.o)
                                                  /usr/lib/gcc/avr/5.4.0/../../../avr/lib/avr6/libm.a(fixunssfsi.o)
__fp_szero                                        /usr/lib/gcc/avr/5.4.0/../../../avr/lib/avr6/libm.a(fp_zero.o)
                                                  /usr/lib/gcc/avr/5.4.0/../../../avr/lib/avr6/libm.a(mulsf3x.o)
__fp_zero                                         /usr/lib/gcc/avr/5.4.0/../../../avr/lib/avr6/libm.a(fp_zero.o)
                                                  /usr/lib/gcc/avr/5.4.0/../../../avr/lib/avr6/libm.a(fixunssfsi.o)
__gesf2                                           /usr/lib/gcc/avr/5.4.0/../../../avr/lib/avr6/libm.a(gesf2.o)
__gtsf2                                           /usr/lib/gcc/avr/5.4.0/../../../avr/lib/avr6/libm.a(gesf2.o)
                                                  ./main.o
__heap_end                                        /usr/lib/gcc/avr/5.4.0/../../../avr/lib/avr6/crtatmega2560.o
__init                                            /usr/lib/gcc/avr/5.4.0/../../../avr/lib/avr6/crtatmega2560.o
__lesf2                                           /usr/lib/gcc/avr/5.4.0/../../../avr/lib/avr6/libm.a(cmpsf2.o)
__ltsf2                                           /usr/lib/gcc/avr/5.4.0/../../../avr/lib/avr6/libm.a(cmpsf2.o)
                                                  ./main.o
__mulsf3                                          /usr/lib/gcc/avr/5.4.0/../../../avr/lib/avr6/libm.a(mulsf3.o)
                                                  ./main.o
__mulsf3_pse                                      /usr/lib/gcc/avr/5.4.0/../../../avr/lib/avr6/libm.a(mulsf3x.o)
__mulsf3x                                         /usr/lib/gcc/avr/5.4.0/../../../avr/lib/avr6/libm.a(mulsf3x.o)
                                                  /usr/lib/gcc/avr/5.4.0/../../../avr/lib/avr6/libm.a(mulsf3.o)
__nesf2                                           /usr/lib/gcc/avr/5.4.0/../../../avr/lib/avr6/libm.a(cmpsf2.o)
__stack                                           /usr/lib/gcc/avr/5.4.0/../../../avr/lib/avr6/crtatmega2560.o
__tablejump2__                                    /usr/lib/gcc/avr/5.4.0/avr6/libgcc.a(_tablejump2.o)
                                                  /usr/lib/gcc/avr/5.4.0/avr6/libgcc.a(_dtors.o)
                                                  /usr/lib/gcc/avr/5.4.0/avr6/libgcc.a(_ctors.o)
__vector_1                                        /usr/lib/gcc/avr/5.4.0/../../../avr/lib/avr6/crtatmega2560.o
__vector_10                                       /usr/lib/gcc/avr/5.4.0/../../../avr/lib/avr6/crtatmega2560.o
__vector_11                                       /usr/lib/gcc/avr/5.4.0/../../../avr/lib/avr6/crtatmega2560.o
__vector_12                                       /usr/lib/gcc/avr/5.4.0/../../../avr/lib/avr6/crtatmega2560.o
__vector_13                                       /usr/lib/gcc/avr/5.4.0/../../../avr/lib/avr6/crtatmega2560.o
__vector_14                                       /usr/lib/gcc/avr/5.4.0/../../../avr/lib/avr6/crtatmega2560.o
__vector_15                                       /usr/lib/gcc/avr/5.4.0/../../../avr/lib/avr6/crtatmega2560.o
__vector_16                                       /usr/lib/gcc/avr/5.4.0/../../../avr/lib/avr6/crtatmega2560.o
__vector_17                                       /usr/lib/gcc/avr/5.4.0/../../../avr/lib/avr6/crtatmega2560.o
__vector_18                                       /usr/lib/gcc/avr/5.4.0/../../../avr/lib/avr6/crtatmega2560.o
__vector_19                                       /usr/lib/gcc/avr/5.4.0/../../../avr/lib/avr6/crtatmega2560.o
__vector_2                                        /usr/lib/gcc/avr/5.4.0/../../../avr/lib/avr6/crtatmega2560.o
__vector_20                                       /usr/lib/gcc/avr/5.4.0/../../../avr/lib/avr6/crtatmega2560.o
__vector_21                                       /usr/lib/gcc/avr/5.4.0/../../../avr/lib/avr6/crtatmega2560.o
__vector_22                                       /usr/lib/gcc/avr/5.4.0/../../../avr/lib/avr6/crtatmega2560.o
__vector_23                                       /usr/lib/gcc/avr/5.4.0/../../../avr/lib/avr6/crtatmega2560.o
__vector_24                                       /usr/lib/gcc/avr/5.4.0/../../../avr/lib/avr6/crtatmega2560.o
__vector_25                                       /usr/lib/gcc/avr/5.4.0/../../../avr/lib/avr6/crtatmega2560.o
__vector_26                                       /usr/lib/gcc/avr/5.4.0/../../../avr/lib/avr6/crtatmega2560.o
__vector_27                                       /usr/lib/gcc/avr/5.4.0/../../../avr/lib/avr6/crtatmega2560.o
__vector_28                                       /usr/lib/gcc/avr/5.4.0/../../../avr/lib/avr6/crtatmega2560.o
__vector_29                                       /usr/lib/gcc/avr/5.4.0/../../../avr/lib/avr6/crtatmega2560.o
__vector_3                                        /usr/lib/gcc/avr/5.4.0/../../../avr/lib/avr6/crtatmega2560.o
__vector_30                                       /usr/lib/gcc/avr/5.4.0/../../../avr/lib/avr6/crtatmega2560.o
__vector_31                                       /usr/lib/gcc/avr/5.4.0/../../../avr/lib/avr6/crtatmega2560.o
__vector_32                                       /usr/lib/gcc/avr/5.4.0/../../../avr/lib/avr6/crtatmega2560.o
__vector_33                                       /usr/lib/gcc/avr/5.4.0/../../../avr/lib/avr6/crtatmega2560.o
__vector_34                                       /usr/lib/gcc/avr/5.4.0/../../../avr/lib/avr6/crtatmega2560.o
__vector_35                                       /usr/lib/gcc/avr/5.4.0/../../../avr/lib/avr6/crtatmega2560.o
__vector_36                                       /usr/lib/gcc/avr/5.4.0/../../../avr/lib/avr6/crtatmega2560.o
__vector_37                                       /usr/lib/gcc/avr/5.4.0/../../../avr/lib/avr6/crtatmega2560.o
__vector_38                                       /usr/lib/gcc/avr/5.4.0/../../../avr/lib/avr6/crtatmega2560.o
__vector_39                                       /usr/lib/gcc/avr/5.4.0/../../../avr/lib/avr6/crtatmega2560.o
__vector_4                                        /usr/lib/gcc/avr/5.4.0/../../../avr/lib/avr6/crtatmega2560.o
__vector_40                                       /usr/lib/gcc/avr/5.4.0/../../../avr/lib/avr6/crtatmega2560.o
__vector_41                                       /usr/lib/gcc/avr/5.4.0/../../../avr/lib/avr6/crtatmega2560.o
__vector_42                                       /usr/lib/gcc/avr/5.4.0/../../../avr/lib/avr6/crtatmega2560.o
__vector_43                                       /usr/lib/gcc/avr/5.4.0/../../../avr/lib/avr6/crtatmega2560.o
__vector_44                                       /usr/lib/gcc/avr/5.4.0/../../../avr/lib/avr6/crtatmega2560.o
__vector_45                                       /usr/lib/gcc/avr/5.4.0/../../../avr/lib/avr6/crtatmega2560.o
__vector_46                                       /usr/lib/gcc/avr/5.4.0/../../../avr/lib/avr6/crtatmega2560.o
__vector_47                                       /usr/lib/gcc/avr/5.4.0/../../../avr/lib/avr6/crtatmega2560.o
__vector_48                                       /usr/lib/gcc/avr/5.4.0/../../../avr/lib/avr6/crtatmega2560.o
__vector_49                                       /usr/lib/gcc/avr/5.4.0/../../../avr/lib/avr6/crtatmega2560.o
__vector_5                                        /usr/lib/gcc/avr/5.4.0/../../../avr/lib/avr6/crtatmega2560.o
__vector_50                                       /usr/lib/gcc/avr/5.4.0/../../../avr/lib/avr6/crtatmega2560.o
__vector_51                                       /usr/lib/gcc/avr/5.4.0/../../../avr/lib/avr6/crtatmega2560.o
__vector_52                                       /usr/lib/gcc/avr/5.4.0/../../../avr/lib/avr6/crtatmega2560.o
__vector_53                                       /usr/lib/gcc/avr/5.4.0/../../../avr/lib/avr6/crtatmega2560.o
__vector_54                                       /usr/lib/gcc/avr/5.4.0/../../../avr/lib/avr6/crtatmega2560.o
__vector_55                                       /usr/lib/gcc/avr/5.4.0/../../../avr/lib/avr6/crtatmega2560.o
__vector_56                                       /usr/lib/gcc/avr/5.4.0/../../../avr/lib/avr6/crtatmega2560.o
__vector_6                                        /usr/lib/gcc/avr/5.4.0/../../../avr/lib/avr6/crtatmega2560.o
__vector_7                                        /usr/lib/gcc/avr/5.4.0/../../../avr/lib/avr6/crtatmega2560.o
__vector_8                                        /usr/lib/gcc/avr/5.4.0/../../../avr/lib/avr6/crtatmega2560.o
__vector_9                                        /usr/lib/gcc/avr/5.4.0/../../../avr/lib/avr6/crtatmega2560.o
__vector_default                                  /usr/lib/gcc/avr/5.4.0/../../../avr/lib/avr6/crtatmega2560.o
__vectors                                         /usr/lib/gcc/avr/5.4.0/../../../avr/lib/avr6/crtatmega2560.o
_exit                                             /usr/lib/gcc/avr/5.4.0/avr6/libgcc.a(_exit.o)
exit                                              /usr/lib/gcc/avr/5.4.0/avr6/libgcc.a(_exit.o)
                                                  /usr/lib/gcc/avr/5.4.0/../../../avr/lib/avr6/crtatmega2560.o
led0                                              ./main.o
led1                                              ./main.o
led13                                             ./main.o
led4                                              ./main.o
led6                                              ./main.o
main                                              ./main.o
                                                  /usr/lib/gcc/avr/5.4.0/../../../avr/lib/avr6/crtatmega2560.o
